Archive member included to satisfy reference by file (symbol)

c:/st/stm32cubeide_1.5.0/stm32cubeide/plugins/com.st.stm32cube.ide.mcu.externaltools.gnu-tools-for-stm32.7-2018-q2-update.win32_1.5.0.202011040924/tools/bin/../lib/gcc/arm-none-eabi/7.3.1/../../../../arm-none-eabi/lib/thumb/v7e-m/fpv4-sp/hard\libc_nano.a(lib_a-errno.o)
                              Core/Src/syscalls.o (__errno)
c:/st/stm32cubeide_1.5.0/stm32cubeide/plugins/com.st.stm32cube.ide.mcu.externaltools.gnu-tools-for-stm32.7-2018-q2-update.win32_1.5.0.202011040924/tools/bin/../lib/gcc/arm-none-eabi/7.3.1/../../../../arm-none-eabi/lib/thumb/v7e-m/fpv4-sp/hard\libc_nano.a(lib_a-exit.o)
                              c:/st/stm32cubeide_1.5.0/stm32cubeide/plugins/com.st.stm32cube.ide.mcu.externaltools.gnu-tools-for-stm32.7-2018-q2-update.win32_1.5.0.202011040924/tools/bin/../lib/gcc/arm-none-eabi/7.3.1/../../../../arm-none-eabi/lib/thumb/v7e-m/fpv4-sp/hard/crt0.o (exit)
c:/st/stm32cubeide_1.5.0/stm32cubeide/plugins/com.st.stm32cube.ide.mcu.externaltools.gnu-tools-for-stm32.7-2018-q2-update.win32_1.5.0.202011040924/tools/bin/../lib/gcc/arm-none-eabi/7.3.1/../../../../arm-none-eabi/lib/thumb/v7e-m/fpv4-sp/hard\libc_nano.a(lib_a-impure.o)
                              c:/st/stm32cubeide_1.5.0/stm32cubeide/plugins/com.st.stm32cube.ide.mcu.externaltools.gnu-tools-for-stm32.7-2018-q2-update.win32_1.5.0.202011040924/tools/bin/../lib/gcc/arm-none-eabi/7.3.1/../../../../arm-none-eabi/lib/thumb/v7e-m/fpv4-sp/hard\libc_nano.a(lib_a-exit.o) (_global_impure_ptr)
c:/st/stm32cubeide_1.5.0/stm32cubeide/plugins/com.st.stm32cube.ide.mcu.externaltools.gnu-tools-for-stm32.7-2018-q2-update.win32_1.5.0.202011040924/tools/bin/../lib/gcc/arm-none-eabi/7.3.1/../../../../arm-none-eabi/lib/thumb/v7e-m/fpv4-sp/hard\libc_nano.a(lib_a-init.o)
                              c:/st/stm32cubeide_1.5.0/stm32cubeide/plugins/com.st.stm32cube.ide.mcu.externaltools.gnu-tools-for-stm32.7-2018-q2-update.win32_1.5.0.202011040924/tools/bin/../lib/gcc/arm-none-eabi/7.3.1/../../../../arm-none-eabi/lib/thumb/v7e-m/fpv4-sp/hard/crt0.o (__libc_init_array)
c:/st/stm32cubeide_1.5.0/stm32cubeide/plugins/com.st.stm32cube.ide.mcu.externaltools.gnu-tools-for-stm32.7-2018-q2-update.win32_1.5.0.202011040924/tools/bin/../lib/gcc/arm-none-eabi/7.3.1/../../../../arm-none-eabi/lib/thumb/v7e-m/fpv4-sp/hard\libc_nano.a(lib_a-memcpy-stub.o)
                              Middlewares/Third_Party/FreeRTOS/Source/CMSIS_RTOS_V2/cmsis_os2.o (memcpy)
c:/st/stm32cubeide_1.5.0/stm32cubeide/plugins/com.st.stm32cube.ide.mcu.externaltools.gnu-tools-for-stm32.7-2018-q2-update.win32_1.5.0.202011040924/tools/bin/../lib/gcc/arm-none-eabi/7.3.1/../../../../arm-none-eabi/lib/thumb/v7e-m/fpv4-sp/hard\libc_nano.a(lib_a-memset.o)
                              c:/st/stm32cubeide_1.5.0/stm32cubeide/plugins/com.st.stm32cube.ide.mcu.externaltools.gnu-tools-for-stm32.7-2018-q2-update.win32_1.5.0.202011040924/tools/bin/../lib/gcc/arm-none-eabi/7.3.1/../../../../arm-none-eabi/lib/thumb/v7e-m/fpv4-sp/hard/crt0.o (memset)
c:/st/stm32cubeide_1.5.0/stm32cubeide/plugins/com.st.stm32cube.ide.mcu.externaltools.gnu-tools-for-stm32.7-2018-q2-update.win32_1.5.0.202011040924/tools/bin/../lib/gcc/arm-none-eabi/7.3.1/../../../../arm-none-eabi/lib/thumb/v7e-m/fpv4-sp/hard\libc_nano.a(lib_a-sprintf.o)
                              Application/Src/app.o (sprintf)
c:/st/stm32cubeide_1.5.0/stm32cubeide/plugins/com.st.stm32cube.ide.mcu.externaltools.gnu-tools-for-stm32.7-2018-q2-update.win32_1.5.0.202011040924/tools/bin/../lib/gcc/arm-none-eabi/7.3.1/../../../../arm-none-eabi/lib/thumb/v7e-m/fpv4-sp/hard\libc_nano.a(lib_a-strlen.o)
                              Application/Src/lcd.o (strlen)
c:/st/stm32cubeide_1.5.0/stm32cubeide/plugins/com.st.stm32cube.ide.mcu.externaltools.gnu-tools-for-stm32.7-2018-q2-update.win32_1.5.0.202011040924/tools/bin/../lib/gcc/arm-none-eabi/7.3.1/../../../../arm-none-eabi/lib/thumb/v7e-m/fpv4-sp/hard\libc_nano.a(lib_a-nano-svfprintf.o)
                              c:/st/stm32cubeide_1.5.0/stm32cubeide/plugins/com.st.stm32cube.ide.mcu.externaltools.gnu-tools-for-stm32.7-2018-q2-update.win32_1.5.0.202011040924/tools/bin/../lib/gcc/arm-none-eabi/7.3.1/../../../../arm-none-eabi/lib/thumb/v7e-m/fpv4-sp/hard\libc_nano.a(lib_a-sprintf.o) (_svfprintf_r)
c:/st/stm32cubeide_1.5.0/stm32cubeide/plugins/com.st.stm32cube.ide.mcu.externaltools.gnu-tools-for-stm32.7-2018-q2-update.win32_1.5.0.202011040924/tools/bin/../lib/gcc/arm-none-eabi/7.3.1/../../../../arm-none-eabi/lib/thumb/v7e-m/fpv4-sp/hard\libc_nano.a(lib_a-nano-vfprintf_i.o)
                              c:/st/stm32cubeide_1.5.0/stm32cubeide/plugins/com.st.stm32cube.ide.mcu.externaltools.gnu-tools-for-stm32.7-2018-q2-update.win32_1.5.0.202011040924/tools/bin/../lib/gcc/arm-none-eabi/7.3.1/../../../../arm-none-eabi/lib/thumb/v7e-m/fpv4-sp/hard\libc_nano.a(lib_a-nano-svfprintf.o) (_printf_i)
[...]
Memory Configuration

Name             Origin             Length             Attributes
CCMRAM           0x0000000010000000 0x0000000000010000 xrw
RAM              0x0000000020000000 0x0000000000020000 xrw
FLASH            0x0000000008000000 0x0000000000080000 xr
*default*        0x0000000000000000 0xffffffffffffffff

Linker script and memory map

LOAD c:/st/stm32cubeide_1.5.0/stm32cubeide/plugins/com.st.stm32cube.ide.mcu.externaltools.gnu-tools-for-stm32.7-2018-q2-update.win32_1.5.0.202011040924/tools/bin/../lib/gcc/arm-none-eabi/7.3.1/thumb/v7e-m/fpv4-sp/hard/crti.o
LOAD c:/st/stm32cubeide_1.5.0/stm32cubeide/plugins/com.st.stm32cube.ide.mcu.externaltools.gnu-tools-for-stm32.7-2018-q2-update.win32_1.5.0.202011040924/tools/bin/../lib/gcc/arm-none-eabi/7.3.1/thumb/v7e-m/fpv4-sp/hard/crtbegin.o
LOAD c:/st/stm32cubeide_1.5.0/stm32cubeide/plugins/com.st.stm32cube.ide.mcu.externaltools.gnu-tools-for-stm32.7-2018-q2-update.win32_1.5.0.202011040924/tools/bin/../lib/gcc/arm-none-eabi/7.3.1/../../../../arm-none-eabi/lib/thumb/v7e-m/fpv4-sp/hard/crt0.o
LOAD Application/Src/app.o
LOAD Application/Src/lcd.o
LOAD Application/Src/lcd_fonts.o
LOAD Application/Src/touch.o
LOAD Core/Src/board.o
LOAD Core/Src/freertos.o
LOAD Core/Src/main.o
LOAD Core/Src/stm32f4xx_hal_msp.o
LOAD Core/Src/stm32f4xx_hal_timebase_tim.o
LOAD Core/Src/stm32f4xx_it.o
LOAD Core/Src/syscalls.o
LOAD Core/Src/sysmem.o
LOAD Core/Src/system_stm32f4xx.o
LOAD Core/Startup/startup_stm32f407vetx.o
LOAD Drivers/STM32F4xx_HAL_Driver/Src/stm32f4xx_hal.o
LOAD Drivers/STM32F4xx_HAL_Driver/Src/stm32f4xx_hal_cortex.o
LOAD Drivers/STM32F4xx_HAL_Driver/Src/stm32f4xx_hal_dma.o
LOAD Drivers/STM32F4xx_HAL_Driver/Src/stm32f4xx_hal_dma_ex.o
LOAD Drivers/STM32F4xx_HAL_Driver/Src/stm32f4xx_hal_exti.o
LOAD Drivers/STM32F4xx_HAL_Driver/Src/stm32f4xx_hal_flash.o
LOAD Drivers/STM32F4xx_HAL_Driver/Src/stm32f4xx_hal_flash_ex.o
LOAD Drivers/STM32F4xx_HAL_Driver/Src/stm32f4xx_hal_flash_ramfunc.o
LOAD Drivers/STM32F4xx_HAL_Driver/Src/stm32f4xx_hal_gpio.o
LOAD Drivers/STM32F4xx_HAL_Driver/Src/stm32f4xx_hal_pwr.o
LOAD Drivers/STM32F4xx_HAL_Driver/Src/stm32f4xx_hal_pwr_ex.o
LOAD Drivers/STM32F4xx_HAL_Driver/Src/stm32f4xx_hal_rcc.o
LOAD Drivers/STM32F4xx_HAL_Driver/Src/stm32f4xx_hal_rcc_ex.o
LOAD Drivers/STM32F4xx_HAL_Driver/Src/stm32f4xx_hal_rtc.o
LOAD Drivers/STM32F4xx_HAL_Driver/Src/stm32f4xx_hal_rtc_ex.o
LOAD Drivers/STM32F4xx_HAL_Driver/Src/stm32f4xx_hal_spi.o
LOAD Drivers/STM32F4xx_HAL_Driver/Src/stm32f4xx_hal_sram.o
LOAD Drivers/STM32F4xx_HAL_Driver/Src/stm32f4xx_hal_tim.o
LOAD Drivers/STM32F4xx_HAL_Driver/Src/stm32f4xx_hal_tim_ex.o
LOAD Drivers/STM32F4xx_HAL_Driver/Src/stm32f4xx_ll_fsmc.o
LOAD Middlewares/Third_Party/FreeRTOS/Source/CMSIS_RTOS_V2/cmsis_os2.o
LOAD Middlewares/Third_Party/FreeRTOS/Source/croutine.o
LOAD Middlewares/Third_Party/FreeRTOS/Source/event_groups.o
LOAD Middlewares/Third_Party/FreeRTOS/Source/list.o
LOAD Middlewares/Third_Party/FreeRTOS/Source/queue.o
LOAD Middlewares/Third_Party/FreeRTOS/Source/stream_buffer.o
LOAD Middlewares/Third_Party/FreeRTOS/Source/tasks.o
LOAD Middlewares/Third_Party/FreeRTOS/Source/timers.o
LOAD Middlewares/Third_Party/FreeRTOS/Source/portable/GCC/ARM_CM4F/port.o
LOAD Middlewares/Third_Party/FreeRTOS/Source/portable/MemMang/heap_4.o
START GROUP
LOAD c:/st/stm32cubeide_1.5.0/stm32cubeide/plugins/com.st.stm32cube.ide.mcu.externaltools.gnu-tools-for-stm32.7-2018-q2-update.win32_1.5.0.202011040924/tools/bin/../lib/gcc/arm-none-eabi/7.3.1/../../../../arm-none-eabi/lib/thumb/v7e-m/fpv4-sp/hard\libstdc++_nano.a
LOAD c:/st/stm32cubeide_1.5.0/stm32cubeide/plugins/com.st.stm32cube.ide.mcu.externaltools.gnu-tools-for-stm32.7-2018-q2-update.win32_1.5.0.202011040924/tools/bin/../lib/gcc/arm-none-eabi/7.3.1/../../../../arm-none-eabi/lib/thumb/v7e-m/fpv4-sp/hard\libsupc++_nano.a
END GROUP
LOAD c:/st/stm32cubeide_1.5.0/stm32cubeide/plugins/com.st.stm32cube.ide.mcu.externaltools.gnu-tools-for-stm32.7-2018-q2-update.win32_1.5.0.202011040924/tools/bin/../lib/gcc/arm-none-eabi/7.3.1/../../../../arm-none-eabi/lib/thumb/v7e-m/fpv4-sp/hard\libstdc++_nano.a
LOAD c:/st/stm32cubeide_1.5.0/stm32cubeide/plugins/com.st.stm32cube.ide.mcu.externaltools.gnu-tools-for-stm32.7-2018-q2-update.win32_1.5.0.202011040924/tools/bin/../lib/gcc/arm-none-eabi/7.3.1/../../../../arm-none-eabi/lib/thumb/v7e-m/fpv4-sp/hard\libm.a
LOAD c:/st/stm32cubeide_1.5.0/stm32cubeide/plugins/com.st.stm32cube.ide.mcu.externaltools.gnu-tools-for-stm32.7-2018-q2-update.win32_1.5.0.202011040924/tools/bin/../lib/gcc/arm-none-eabi/7.3.1/../../../../arm-none-eabi/lib/thumb/v7e-m/fpv4-sp/hard\libc_nano.a
START GROUP
LOAD c:/st/stm32cubeide_1.5.0/stm32cubeide/plugins/com.st.stm32cube.ide.mcu.externaltools.gnu-tools-for-stm32.7-2018-q2-update.win32_1.5.0.202011040924/tools/bin/../lib/gcc/arm-none-eabi/7.3.1/thumb/v7e-m/fpv4-sp/hard\libgcc.a
LOAD c:/st/stm32cubeide_1.5.0/stm32cubeide/plugins/com.st.stm32cube.ide.mcu.externaltools.gnu-tools-for-stm32.7-2018-q2-update.win32_1.5.0.202011040924/tools/bin/../lib/gcc/arm-none-eabi/7.3.1/../../../../arm-none-eabi/lib/thumb/v7e-m/fpv4-sp/hard\libc_nano.a
END GROUP
START GROUP
LOAD c:/st/stm32cubeide_1.5.0/stm32cubeide/plugins/com.st.stm32cube.ide.mcu.externaltools.gnu-tools-for-stm32.7-2018-q2-update.win32_1.5.0.202011040924/tools/bin/../lib/gcc/arm-none-eabi/7.3.1/thumb/v7e-m/fpv4-sp/hard\libgcc.a
LOAD c:/st/stm32cubeide_1.5.0/stm32cubeide/plugins/com.st.stm32cube.ide.mcu.externaltools.gnu-tools-for-stm32.7-2018-q2-update.win32_1.5.0.202011040924/tools/bin/../lib/gcc/arm-none-eabi/7.3.1/../../../../arm-none-eabi/lib/thumb/v7e-m/fpv4-sp/hard\libc_nano.a
END GROUP
LOAD c:/st/stm32cubeide_1.5.0/stm32cubeide/plugins/com.st.stm32cube.ide.mcu.externaltools.gnu-tools-for-stm32.7-2018-q2-update.win32_1.5.0.202011040924/tools/bin/../lib/gcc/arm-none-eabi/7.3.1/thumb/v7e-m/fpv4-sp/hard/crtend.o
LOAD c:/st/stm32cubeide_1.5.0/stm32cubeide/plugins/com.st.stm32cube.ide.mcu.externaltools.gnu-tools-for-stm32.7-2018-q2-update.win32_1.5.0.202011040924/tools/bin/../lib/gcc/arm-none-eabi/7.3.1/thumb/v7e-m/fpv4-sp/hard/crtn.o
                0x0000000020020000                _estack = (ORIGIN (RAM) + LENGTH (RAM))
                0x0000000000000200                _Min_Heap_Size = 0x200
                0x0000000000000400                _Min_Stack_Size = 0x400

.isr_vector     0x0000000008000000      0x188
                0x0000000008000000                . = ALIGN (0x4)
 *(.isr_vector)
 .isr_vector    0x0000000008000000      0x188 Core/Startup/startup_stm32f407vetx.o
                0x0000000008000000                g_pfnVectors
                0x0000000008000188                . = ALIGN (0x4)

.text           0x0000000008000190     0x7688
                0x0000000008000190                . = ALIGN (0x4)
 *(.text)
 .text          0x0000000008000190       0x40 c:/st/stm32cubeide_1.5.0/stm32cubeide/plugins/com.st.stm32cube.ide.mcu.externaltools.gnu-tools-for-stm32.7-2018-q2-update.win32_1.5.0.202011040924/tools/bin/../lib/gcc/arm-none-eabi/7.3.1/thumb/v7e-m/fpv4-sp/hard/crtbegin.o
 .text          0x00000000080001d0       0x10 c:/st/stm32cubeide_1.5.0/stm32cubeide/plugins/com.st.stm32cube.ide.mcu.externaltools.gnu-tools-for-stm32.7-2018-q2-update.win32_1.5.0.202011040924/tools/bin/../lib/gcc/arm-none-eabi/7.3.1/../../../../arm-none-eabi/lib/thumb/v7e-m/fpv4-sp/hard\libc_nano.a(lib_a-strlen.o)
                0x00000000080001d0                strlen
 .text          0x00000000080001e0       0xa0 c:/st/stm32cubeide_1.5.0/stm32cubeide/plugins/com.st.stm32cube.ide.mcu.externaltools.gnu-tools-for-stm32.7-2018-q2-update.win32_1.5.0.202011040924/tools/bin/../lib/gcc/arm-none-eabi/7.3.1/../../../../arm-none-eabi/lib/thumb/v7e-m/fpv4-sp/hard\libc_nano.a(lib_a-memchr.o)
                0x00000000080001e0                memchr
 .text          0x0000000008000280       0x30 c:/st/stm32cubeide_1.5.0/stm32cubeide/plugins/com.st.stm32cube.ide.mcu.externaltools.gnu-tools-for-stm32.7-2018-q2-update.win32_1.5.0.202011040924/tools/bin/../lib/gcc/arm-none-eabi/7.3.1/thumb/v7e-m/fpv4-sp/hard\libgcc.a(_aeabi_uldivmod.o)
                0x0000000008000280                __aeabi_uldivmod
 .text          0x00000000080002b0      0x2cc c:/st/stm32cubeide_1.5.0/stm32cubeide/plugins/com.st.stm32cube.ide.mcu.externaltools.gnu-tools-for-stm32.7-2018-q2-update.win32_1.5.0.202011040924/tools/bin/../lib/gcc/arm-none-eabi/7.3.1/thumb/v7e-m/fpv4-sp/hard\libgcc.a(_udivmoddi4.o)
                0x00000000080002b0                __udivmoddi4
 .text          0x000000000800057c        0x4 c:/st/stm32cubeide_1.5.0/stm32cubeide/plugins/com.st.stm32cube.ide.mcu.externaltools.gnu-tools-for-stm32.7-2018-q2-update.win32_1.5.0.202011040924/tools/bin/../lib/gcc/arm-none-eabi/7.3.1/thumb/v7e-m/fpv4-sp/hard\libgcc.a(_dvmd_tls.o)
                0x000000000800057c                __aeabi_idiv0
                0x000000000800057c                __aeabi_ldiv0
 *(.text*)
 .text._Z5Hellov
                0x0000000008000580       0xac Application/Src/app.o
                0x0000000008000580                Hello()
 .text.AppInit  0x000000000800062c       0x68 Application/Src/app.o
                0x000000000800062c                AppInit
 .text.AppLoop  0x0000000008000694       0x6c Application/Src/app.o
                0x0000000008000694                AppLoop
 .text._ZN9LcdScreenC2Ei
                0x0000000008000700       0x44 Application/Src/lcd.o
                0x0000000008000700                LcdScreen::LcdScreen(int)
                0x0000000008000700                LcdScreen::LcdScreen(int)
 .text._ZN9LcdScreen14SetOrientationEi
                0x0000000008000744       0x94 Application/Src/lcd.o
                0x0000000008000744                LcdScreen::SetOrientation(int)
 .text._ZN9LcdScreen9SetColorsEii
                0x00000000080007d8       0x24 Application/Src/lcd.o
                0x00000000080007d8                LcdScreen::SetColors(int, int)
 .text._ZN9LcdScreen12SetFontColorEi
                0x00000000080007fc       0x1c Application/Src/lcd.o
                0x00000000080007fc                LcdScreen::SetFontColor(int)
 .text._ZN9LcdScreen7SetFontE7LcdFont
                0x0000000008000818       0x2c Application/Src/lcd.o
                0x0000000008000818                LcdScreen::SetFont(LcdFont)
 .text._ZN9LcdScreen4InitEv
                0x0000000008000844       0x78 Application/Src/lcd.o
                0x0000000008000844                LcdScreen::Init()
 .text._ZN9LcdScreen11OrientationEi
                0x00000000080008bc       0x64 Application/Src/lcd.o
                0x00000000080008bc                LcdScreen::Orientation(int)
 .text._ZN9LcdScreen8SleepOffEv
                0x0000000008000920       0x1c Application/Src/lcd.o
                0x0000000008000920                LcdScreen::SleepOff()
 .text._ZN9LcdScreen9DisplayOnEv
                0x000000000800093c       0x1c Application/Src/lcd.o
                0x000000000800093c                LcdScreen::DisplayOn()
 .text._ZN9LcdScreen9SetCursorEii
                0x0000000008000958       0x24 Application/Src/lcd.o
                0x0000000008000958                LcdScreen::SetCursor(int, int)
 .text._ZN9LcdScreen8SetFrameEiiii
                0x000000000800097c       0x90 Application/Src/lcd.o
                0x000000000800097c                LcdScreen::SetFrame(int, int, int, int)
 .text._ZN9LcdScreen11SetTextAreaEiiii
                0x0000000008000a0c       0x3e Application/Src/lcd.o
                0x0000000008000a0c                LcdScreen::SetTextArea(int, int, int, int)
 .text._ZN9LcdScreen10SetTextPosEii
                0x0000000008000a4a       0x24 Application/Src/lcd.o
                0x0000000008000a4a                LcdScreen::SetTextPos(int, int)
 *fill*         0x0000000008000a6e        0x2 
 .text._ZN9LcdScreen8TextPutcEc
                0x0000000008000a70      0x100 Application/Src/lcd.o
                0x0000000008000a70                LcdScreen::TextPutc(char)
 .text._ZN9LcdScreen8TextPutsEPc
                0x0000000008000b70       0x6a Application/Src/lcd.o
                0x0000000008000b70                LcdScreen::TextPuts(char*)
 .text._ZN9LcdScreen10TextPutsAtEiiPc
                0x0000000008000bda       0x28 Application/Src/lcd.o
                0x0000000008000bda                LcdScreen::TextPutsAt(int, int, char*)
 .text._ZN9LcdScreen13GetStringSizeEPcPiS1_
                0x0000000008000c02       0x36 Application/Src/lcd.o
                0x0000000008000c02                LcdScreen::GetStringSize(char*, int*, int*)
 .text._ZN9LcdScreen9DrawPixelEiii
                0x0000000008000c38       0x34 Application/Src/lcd.o
                0x0000000008000c38                LcdScreen::DrawPixel(int, int, int)
 .text._ZN9LcdScreen8DrawLineEiiiii
                0x0000000008000c6c      0x102 Application/Src/lcd.o
                0x0000000008000c6c                LcdScreen::DrawLine(int, int, int, int, int)
 *fill*         0x0000000008000d6e        0x2 
 .text._ZN9LcdScreen9DrawHLineEiiii
                0x0000000008000d70       0x68 Application/Src/lcd.o
                0x0000000008000d70                LcdScreen::DrawHLine(int, int, int, int)
 .text._ZN9LcdScreen9DrawVLineEiiii
                0x0000000008000dd8       0x68 Application/Src/lcd.o
                0x0000000008000dd8                LcdScreen::DrawVLine(int, int, int, int)
 .text._ZN9LcdScreen8FillRectEiiiii
                0x0000000008000e40       0x64 Application/Src/lcd.o
                0x0000000008000e40                LcdScreen::FillRect(int, int, int, int, int)
 .text._ZN9LcdScreen10FillScreenEi
                0x0000000008000ea4       0x30 Application/Src/lcd.o
                0x0000000008000ea4                LcdScreen::FillScreen(int)
 .text._ZN9LcdScreen6CircleEiiibi
                0x0000000008000ed4      0x18a Application/Src/lcd.o
                0x0000000008000ed4                LcdScreen::Circle(int, int, int, bool, int)
 *fill*         0x000000000800105e        0x2 
 .text._Z41__static_initialization_and_destruction_0ii
                0x0000000008001060       0x30 Application/Src/lcd.o
 .text._GLOBAL__sub_I_lcd
                0x0000000008001090       0x10 Application/Src/lcd.o
 .text._ZN7LcdFontC2EiiPKt
                0x00000000080010a0       0x2e Application/Src/lcd_fonts.o
                0x00000000080010a0                LcdFont::LcdFont(int, int, unsigned short const*)
                0x00000000080010a0                LcdFont::LcdFont(int, int, unsigned short const*)
 *fill*         0x00000000080010ce        0x2 
 .text._Z41__static_initialization_and_destruction_0ii
                0x00000000080010d0       0x60 Application/Src/lcd_fonts.o
 .text._GLOBAL__sub_I__ZN7LcdFontC2EiiPKt
                0x0000000008001130       0x10 Application/Src/lcd_fonts.o
 .text._Z17TouchPenInterruptv
                0x0000000008001140       0x20 Application/Src/touch.o
                0x0000000008001140                TouchPenInterrupt()
 .text._ZN11TouchScreenC2Ev
                0x0000000008001160       0x16 Application/Src/touch.o
                0x0000000008001160                TouchScreen::TouchScreen()
                0x0000000008001160                TouchScreen::TouchScreen()
 *fill*         0x0000000008001176        0x2 
 .text._ZN11TouchScreen5ResetEv
                0x0000000008001178       0x68 Application/Src/touch.o
                0x0000000008001178                TouchScreen::Reset()
 .text._ZN11TouchScreen14SetOrientationEiii
                0x00000000080011e0       0x2c Application/Src/touch.o
                0x00000000080011e0                TouchScreen::SetOrientation(int, int, int)
 .text._ZN11TouchScreen3GetEh
                0x000000000800120c       0x74 Application/Src/touch.o
                0x000000000800120c                TouchScreen::Get(unsigned char)
 .text._ZN11TouchScreen5GetXYEPiS0_b
                0x0000000008001280       0xa4 Application/Src/touch.o
                0x0000000008001280                TouchScreen::GetXY(int*, int*, bool)
 .text._ZN11TouchScreen10FastMedianEPi
                0x0000000008001324      0x216 Application/Src/touch.o
                0x0000000008001324                TouchScreen::FastMedian(int*)
 *fill*         0x000000000800153a        0x2 
 .text._ZN11TouchScreen10CorrectionEPiS0_
                0x000000000800153c       0xd0 Application/Src/touch.o
                0x000000000800153c                TouchScreen::Correction(int*, int*)
 .text._ZN11TouchScreen11GetXYMedianEPiS0_
                0x000000000800160c       0x70 Application/Src/touch.o
                0x000000000800160c                TouchScreen::GetXYMedian(int*, int*)
 .text._Z41__static_initialization_and_destruction_0ii
                0x000000000800167c       0x2c Application/Src/touch.o
 .text._GLOBAL__sub_I_touch
                0x00000000080016a8       0x10 Application/Src/touch.o
 .text.LedToggle
                0x00000000080016b8       0x30 Core/Src/board.o
                0x00000000080016b8                LedToggle
 .text.main     0x00000000080016e8       0x68 Core/Src/main.o
                0x00000000080016e8                main
 .text.SystemClock_Config
                0x0000000008001750      0x104 Core/Src/main.o
                0x0000000008001750                SystemClock_Config
 .text.MX_RTC_Init
                0x0000000008001854       0x4c Core/Src/main.o
 .text.MX_SPI2_Init
                0x00000000080018a0       0x6c Core/Src/main.o
 .text.MX_TIM1_Init
                0x000000000800190c       0xd0 Core/Src/main.o
 .text.MX_GPIO_Init
                0x00000000080019dc      0x1e0 Core/Src/main.o
 .text.MX_FSMC_Init
                0x0000000008001bbc       0xc0 Core/Src/main.o
 .text.StartDefaultTask
                0x0000000008001c7c        0xe Core/Src/main.o
                0x0000000008001c7c                StartDefaultTask
 .text.StartBlinkTask
                0x0000000008001c8a       0x24 Core/Src/main.o
                0x0000000008001c8a                StartBlinkTask
 *fill*         0x0000000008001cae        0x2 
 .text.HAL_TIM_PeriodElapsedCallback
                0x0000000008001cb0       0x24 Core/Src/main.o
                0x0000000008001cb0                HAL_TIM_PeriodElapsedCallback
 .text.Error_Handler
                0x0000000008001cd4        0x8 Core/Src/main.o
                0x0000000008001cd4                Error_Handler
 .text.HAL_MspInit
                0x0000000008001cdc       0x58 Core/Src/stm32f4xx_hal_msp.o
                0x0000000008001cdc                HAL_MspInit
 .text.HAL_RTC_MspInit
                0x0000000008001d34       0x2c Core/Src/stm32f4xx_hal_msp.o
                0x0000000008001d34                HAL_RTC_MspInit
 .text.HAL_SPI_MspInit
                0x0000000008001d60       0x90 Core/Src/stm32f4xx_hal_msp.o
                0x0000000008001d60                HAL_SPI_MspInit
 .text.HAL_TIM_Base_MspInit
                0x0000000008001df0       0x44 Core/Src/stm32f4xx_hal_msp.o
                0x0000000008001df0                HAL_TIM_Base_MspInit
 .text.HAL_FSMC_MspInit
                0x0000000008001e34       0x98 Core/Src/stm32f4xx_hal_msp.o
 .text.HAL_SRAM_MspInit
                0x0000000008001ecc       0x14 Core/Src/stm32f4xx_hal_msp.o
                0x0000000008001ecc                HAL_SRAM_MspInit
 .text.HAL_InitTick
                0x0000000008001ee0       0xb4 Core/Src/stm32f4xx_hal_timebase_tim.o
                0x0000000008001ee0                HAL_InitTick
 .text.NMI_Handler
                0x0000000008001f94        0x6 Core/Src/stm32f4xx_it.o
                0x0000000008001f94                NMI_Handler
 *fill*         0x0000000008001f9a        0x2 
 .text.HardFault_Handler
                0x0000000008001f9c       0x14 Core/Src/stm32f4xx_it.o
                0x0000000008001f9c                HardFault_Handler
 .text.MemManage_Handler
                0x0000000008001fb0       0x14 Core/Src/stm32f4xx_it.o
                0x0000000008001fb0                MemManage_Handler
 .text.BusFault_Handler
                0x0000000008001fc4       0x14 Core/Src/stm32f4xx_it.o
                0x0000000008001fc4                BusFault_Handler
 .text.UsageFault_Handler
                0x0000000008001fd8       0x14 Core/Src/stm32f4xx_it.o
                0x0000000008001fd8                UsageFault_Handler
 .text.DebugMon_Handler
                0x0000000008001fec        0xe Core/Src/stm32f4xx_it.o
                0x0000000008001fec                DebugMon_Handler
 *fill*         0x0000000008001ffa        0x2 
 .text.TIM8_UP_TIM13_IRQHandler
                0x0000000008001ffc       0x14 Core/Src/stm32f4xx_it.o
                0x0000000008001ffc                TIM8_UP_TIM13_IRQHandler
 .text._sbrk    0x0000000008002010       0x6c Core/Src/sysmem.o
                0x0000000008002010                _sbrk
 .text.SystemInit
                0x000000000800207c       0x2c Core/Src/system_stm32f4xx.o
                0x000000000800207c                SystemInit
 .text.Reset_Handler
                0x00000000080020a8       0x50 Core/Startup/startup_stm32f407vetx.o
                0x00000000080020a8                Reset_Handler
 .text.Default_Handler
                0x00000000080020f8        0x2 Core/Startup/startup_stm32f407vetx.o
                0x00000000080020f8                RTC_Alarm_IRQHandler
                0x00000000080020f8                HASH_RNG_IRQHandler
                0x00000000080020f8                EXTI2_IRQHandler
                0x00000000080020f8                TIM8_CC_IRQHandler
                0x00000000080020f8                TIM1_CC_IRQHandler
                0x00000000080020f8                DMA2_Stream5_IRQHandler
                0x00000000080020f8                DMA1_Stream5_IRQHandler
                0x00000000080020f8                PVD_IRQHandler
                0x00000000080020f8                SDIO_IRQHandler
                0x00000000080020f8                TAMP_STAMP_IRQHandler
                0x00000000080020f8                CAN2_RX1_IRQHandler
                0x00000000080020f8                EXTI3_IRQHandler
                0x00000000080020f8                TIM8_TRG_COM_TIM14_IRQHandler
                0x00000000080020f8                TIM1_UP_TIM10_IRQHandler
                0x00000000080020f8                I2C3_ER_IRQHandler
                0x00000000080020f8                EXTI0_IRQHandler
                0x00000000080020f8                I2C2_EV_IRQHandler
                0x00000000080020f8                DMA1_Stream2_IRQHandler
                0x00000000080020f8                CAN1_RX0_IRQHandler
                0x00000000080020f8                FPU_IRQHandler
                0x00000000080020f8                OTG_HS_WKUP_IRQHandler
                0x00000000080020f8                CAN2_SCE_IRQHandler
                0x00000000080020f8                DMA2_Stream2_IRQHandler
                0x00000000080020f8                SPI1_IRQHandler
                0x00000000080020f8                TIM6_DAC_IRQHandler
                0x00000000080020f8                TIM1_BRK_TIM9_IRQHandler
                0x00000000080020f8                DCMI_IRQHandler
                0x00000000080020f8                CAN2_RX0_IRQHandler
                0x00000000080020f8                DMA2_Stream3_IRQHandler
                0x00000000080020f8                USART6_IRQHandler
                0x00000000080020f8                USART3_IRQHandler
                0x00000000080020f8                CAN1_RX1_IRQHandler
                0x00000000080020f8                UART5_IRQHandler
                0x00000000080020f8                DMA2_Stream0_IRQHandler
                0x00000000080020f8                TIM4_IRQHandler
                0x00000000080020f8                I2C1_EV_IRQHandler
                0x00000000080020f8                DMA1_Stream6_IRQHandler
                0x00000000080020f8                DMA1_Stream1_IRQHandler
                0x00000000080020f8                UART4_IRQHandler
                0x00000000080020f8                TIM3_IRQHandler
                0x00000000080020f8                RCC_IRQHandler
                0x00000000080020f8                TIM8_BRK_TIM12_IRQHandler
                0x00000000080020f8                Default_Handler
                0x00000000080020f8                EXTI15_10_IRQHandler
                0x00000000080020f8                ADC_IRQHandler
                0x00000000080020f8                DMA1_Stream7_IRQHandler
                0x00000000080020f8                TIM7_IRQHandler
                0x00000000080020f8                CAN2_TX_IRQHandler
                0x00000000080020f8                TIM5_IRQHandler
                0x00000000080020f8                DMA2_Stream7_IRQHandler
                0x00000000080020f8                I2C3_EV_IRQHandler
                0x00000000080020f8                EXTI9_5_IRQHandler
                0x00000000080020f8                RTC_WKUP_IRQHandler
                0x00000000080020f8                ETH_WKUP_IRQHandler
                0x00000000080020f8                SPI2_IRQHandler
                0x00000000080020f8                OTG_HS_EP1_IN_IRQHandler
                0x00000000080020f8                DMA1_Stream0_IRQHandler
                0x00000000080020f8                CAN1_TX_IRQHandler
                0x00000000080020f8                EXTI4_IRQHandler
                0x00000000080020f8                FSMC_IRQHandler
                0x00000000080020f8                ETH_IRQHandler
                0x00000000080020f8                OTG_HS_EP1_OUT_IRQHandler
                0x00000000080020f8                WWDG_IRQHandler
                0x00000000080020f8                TIM2_IRQHandler
                0x00000000080020f8                OTG_FS_WKUP_IRQHandler
                0x00000000080020f8                TIM1_TRG_COM_TIM11_IRQHandler
                0x00000000080020f8                OTG_HS_IRQHandler
                0x00000000080020f8                EXTI1_IRQHandler
                0x00000000080020f8                USART2_IRQHandler
                0x00000000080020f8                I2C2_ER_IRQHandler
                0x00000000080020f8                DMA2_Stream1_IRQHandler
                0x00000000080020f8                CAN1_SCE_IRQHandler
                0x00000000080020f8                FLASH_IRQHandler
                0x00000000080020f8                DMA2_Stream4_IRQHandler
                0x00000000080020f8                USART1_IRQHandler
                0x00000000080020f8                OTG_FS_IRQHandler
                0x00000000080020f8                SPI3_IRQHandler
                0x00000000080020f8                DMA1_Stream4_IRQHandler
                0x00000000080020f8                I2C1_ER_IRQHandler
                0x00000000080020f8                DMA2_Stream6_IRQHandler
                0x00000000080020f8                DMA1_Stream3_IRQHandler
 *fill*         0x00000000080020fa        0x2 
 .text.HAL_Init
                0x00000000080020fc       0x44 Drivers/STM32F4xx_HAL_Driver/Src/stm32f4xx_hal.o
                0x00000000080020fc                HAL_Init
 .text.HAL_IncTick
                0x0000000008002140       0x28 Drivers/STM32F4xx_HAL_Driver/Src/stm32f4xx_hal.o
                0x0000000008002140                HAL_IncTick
 .text.HAL_GetTick
                0x0000000008002168       0x18 Drivers/STM32F4xx_HAL_Driver/Src/stm32f4xx_hal.o
                0x0000000008002168                HAL_GetTick
 .text.HAL_Delay
                0x0000000008002180       0x44 Drivers/STM32F4xx_HAL_Driver/Src/stm32f4xx_hal.o
                0x0000000008002180                HAL_Delay
 .text.__NVIC_SetPriorityGrouping
                0x00000000080021c4       0x48 Drivers/STM32F4xx_HAL_Driver/Src/stm32f4xx_hal_cortex.o
 .text.__NVIC_GetPriorityGrouping
                0x000000000800220c       0x1c Drivers/STM32F4xx_HAL_Driver/Src/stm32f4xx_hal_cortex.o
 .text.__NVIC_EnableIRQ
                0x0000000008002228       0x3c Drivers/STM32F4xx_HAL_Driver/Src/stm32f4xx_hal_cortex.o
 .text.__NVIC_SetPriority
                0x0000000008002264       0x54 Drivers/STM32F4xx_HAL_Driver/Src/stm32f4xx_hal_cortex.o
 .text.NVIC_EncodePriority
                0x00000000080022b8       0x66 Drivers/STM32F4xx_HAL_Driver/Src/stm32f4xx_hal_cortex.o
 .text.HAL_NVIC_SetPriorityGrouping
                0x000000000800231e       0x16 Drivers/STM32F4xx_HAL_Driver/Src/stm32f4xx_hal_cortex.o
                0x000000000800231e                HAL_NVIC_SetPriorityGrouping
 .text.HAL_NVIC_SetPriority
                0x0000000008002334       0x38 Drivers/STM32F4xx_HAL_Driver/Src/stm32f4xx_hal_cortex.o
                0x0000000008002334                HAL_NVIC_SetPriority
 .text.HAL_NVIC_EnableIRQ
                0x000000000800236c       0x1c Drivers/STM32F4xx_HAL_Driver/Src/stm32f4xx_hal_cortex.o
                0x000000000800236c                HAL_NVIC_EnableIRQ
 .text.HAL_GPIO_Init
                0x0000000008002388      0x334 Drivers/STM32F4xx_HAL_Driver/Src/stm32f4xx_hal_gpio.o
                0x0000000008002388                HAL_GPIO_Init
 .text.HAL_GPIO_ReadPin
                0x00000000080026bc       0x30 Drivers/STM32F4xx_HAL_Driver/Src/stm32f4xx_hal_gpio.o
                0x00000000080026bc                HAL_GPIO_ReadPin
 .text.HAL_GPIO_WritePin
                0x00000000080026ec       0x32 Drivers/STM32F4xx_HAL_Driver/Src/stm32f4xx_hal_gpio.o
                0x00000000080026ec                HAL_GPIO_WritePin
 .text.HAL_GPIO_TogglePin
                0x000000000800271e       0x36 Drivers/STM32F4xx_HAL_Driver/Src/stm32f4xx_hal_gpio.o
                0x000000000800271e                HAL_GPIO_TogglePin
 .text.HAL_RCC_OscConfig
                0x0000000008002754      0x4e0 Drivers/STM32F4xx_HAL_Driver/Src/stm32f4xx_hal_rcc.o
                0x0000000008002754                HAL_RCC_OscConfig
 .text.HAL_RCC_ClockConfig
                0x0000000008002c34      0x1cc Drivers/STM32F4xx_HAL_Driver/Src/stm32f4xx_hal_rcc.o
                0x0000000008002c34                HAL_RCC_ClockConfig
 .text.HAL_RCC_GetSysClockFreq
                0x0000000008002e00      0x1b0 Drivers/STM32F4xx_HAL_Driver/Src/stm32f4xx_hal_rcc.o
                0x0000000008002e00                HAL_RCC_GetSysClockFreq
 .text.HAL_RCC_GetHCLKFreq
                0x0000000008002fb0       0x18 Drivers/STM32F4xx_HAL_Driver/Src/stm32f4xx_hal_rcc.o
                0x0000000008002fb0                HAL_RCC_GetHCLKFreq
 .text.HAL_RCC_GetPCLK1Freq
                0x0000000008002fc8       0x28 Drivers/STM32F4xx_HAL_Driver/Src/stm32f4xx_hal_rcc.o
                0x0000000008002fc8                HAL_RCC_GetPCLK1Freq
 .text.HAL_RCC_GetClockConfig
                0x0000000008002ff0       0x64 Drivers/STM32F4xx_HAL_Driver/Src/stm32f4xx_hal_rcc.o
                0x0000000008002ff0                HAL_RCC_GetClockConfig
 .text.HAL_RCCEx_PeriphCLKConfig
                0x0000000008003054      0x1c4 Drivers/STM32F4xx_HAL_Driver/Src/stm32f4xx_hal_rcc_ex.o
                0x0000000008003054                HAL_RCCEx_PeriphCLKConfig
 .text.HAL_RTC_Init
                0x0000000008003218      0x122 Drivers/STM32F4xx_HAL_Driver/Src/stm32f4xx_hal_rtc.o
                0x0000000008003218                HAL_RTC_Init
 .text.HAL_RTC_WaitForSynchro
                0x000000000800333a       0x50 Drivers/STM32F4xx_HAL_Driver/Src/stm32f4xx_hal_rtc.o
                0x000000000800333a                HAL_RTC_WaitForSynchro
 .text.RTC_EnterInitMode
                0x000000000800338a       0x58 Drivers/STM32F4xx_HAL_Driver/Src/stm32f4xx_hal_rtc.o
                0x000000000800338a                RTC_EnterInitMode
 .text.HAL_SPI_Init
                0x00000000080033e2       0xc8 Drivers/STM32F4xx_HAL_Driver/Src/stm32f4xx_hal_spi.o
                0x00000000080033e2                HAL_SPI_Init
 .text.HAL_SPI_TransmitReceive
                0x00000000080034aa      0x344 Drivers/STM32F4xx_HAL_Driver/Src/stm32f4xx_hal_spi.o
                0x00000000080034aa                HAL_SPI_TransmitReceive
 .text.SPI_WaitFlagStateUntilTimeout
                0x00000000080037ee       0xd4 Drivers/STM32F4xx_HAL_Driver/Src/stm32f4xx_hal_spi.o
 *fill*         0x00000000080038c2        0x2 
 .text.SPI_EndRxTxTransaction
                0x00000000080038c4       0x84 Drivers/STM32F4xx_HAL_Driver/Src/stm32f4xx_hal_spi.o
 .text.HAL_SRAM_Init
                0x0000000008003948       0x88 Drivers/STM32F4xx_HAL_Driver/Src/stm32f4xx_hal_sram.o
                0x0000000008003948                HAL_SRAM_Init
 .text.HAL_TIM_Base_Init
                0x00000000080039d0       0x56 Drivers/STM32F4xx_HAL_Driver/Src/stm32f4xx_hal_tim.o
                0x00000000080039d0                HAL_TIM_Base_Init
 .text.HAL_TIM_Base_Start_IT
                0x0000000008003a26       0x48 Drivers/STM32F4xx_HAL_Driver/Src/stm32f4xx_hal_tim.o
                0x0000000008003a26                HAL_TIM_Base_Start_IT
 .text.HAL_TIM_IRQHandler
                0x0000000008003a6e      0x210 Drivers/STM32F4xx_HAL_Driver/Src/stm32f4xx_hal_tim.o
                0x0000000008003a6e                HAL_TIM_IRQHandler
 .text.HAL_TIM_ConfigClockSource
                0x0000000008003c7e      0x16e Drivers/STM32F4xx_HAL_Driver/Src/stm32f4xx_hal_tim.o
                0x0000000008003c7e                HAL_TIM_ConfigClockSource
 .text.HAL_TIM_SlaveConfigSynchro
                0x0000000008003dec       0x84 Drivers/STM32F4xx_HAL_Driver/Src/stm32f4xx_hal_tim.o
                0x0000000008003dec                HAL_TIM_SlaveConfigSynchro
 .text.HAL_TIM_OC_DelayElapsedCallback
                0x0000000008003e70       0x14 Drivers/STM32F4xx_HAL_Driver/Src/stm32f4xx_hal_tim.o
                0x0000000008003e70                HAL_TIM_OC_DelayElapsedCallback
 .text.HAL_TIM_IC_CaptureCallback
                0x0000000008003e84       0x14 Drivers/STM32F4xx_HAL_Driver/Src/stm32f4xx_hal_tim.o
                0x0000000008003e84                HAL_TIM_IC_CaptureCallback
 .text.HAL_TIM_PWM_PulseFinishedCallback
                0x0000000008003e98       0x14 Drivers/STM32F4xx_HAL_Driver/Src/stm32f4xx_hal_tim.o
                0x0000000008003e98                HAL_TIM_PWM_PulseFinishedCallback
 .text.HAL_TIM_TriggerCallback
                0x0000000008003eac       0x14 Drivers/STM32F4xx_HAL_Driver/Src/stm32f4xx_hal_tim.o
                0x0000000008003eac                HAL_TIM_TriggerCallback
 .text.TIM_Base_SetConfig
                0x0000000008003ec0      0x140 Drivers/STM32F4xx_HAL_Driver/Src/stm32f4xx_hal_tim.o
                0x0000000008003ec0                TIM_Base_SetConfig
 .text.TIM_SlaveTimer_SetConfig
                0x0000000008004000      0x10c Drivers/STM32F4xx_HAL_Driver/Src/stm32f4xx_hal_tim.o
 .text.TIM_TI1_ConfigInputStage
                0x000000000800410c       0x5e Drivers/STM32F4xx_HAL_Driver/Src/stm32f4xx_hal_tim.o
 .text.TIM_TI2_ConfigInputStage
                0x000000000800416a       0x60 Drivers/STM32F4xx_HAL_Driver/Src/stm32f4xx_hal_tim.o
 .text.TIM_ITRx_SetConfig
                0x00000000080041ca       0x36 Drivers/STM32F4xx_HAL_Driver/Src/stm32f4xx_hal_tim.o
 .text.TIM_ETR_SetConfig
                0x0000000008004200       0x40 Drivers/STM32F4xx_HAL_Driver/Src/stm32f4xx_hal_tim.o
                0x0000000008004200                TIM_ETR_SetConfig
 .text.HAL_TIMEx_MasterConfigSynchronization
                0x0000000008004240       0xf8 Drivers/STM32F4xx_HAL_Driver/Src/stm32f4xx_hal_tim_ex.o
                0x0000000008004240                HAL_TIMEx_MasterConfigSynchronization
 .text.HAL_TIMEx_CommutCallback
                0x0000000008004338       0x14 Drivers/STM32F4xx_HAL_Driver/Src/stm32f4xx_hal_tim_ex.o
                0x0000000008004338                HAL_TIMEx_CommutCallback
 .text.HAL_TIMEx_BreakCallback
                0x000000000800434c       0x14 Drivers/STM32F4xx_HAL_Driver/Src/stm32f4xx_hal_tim_ex.o
                0x000000000800434c                HAL_TIMEx_BreakCallback
 .text.FSMC_NORSRAM_Init
                0x0000000008004360       0xa4 Drivers/STM32F4xx_HAL_Driver/Src/stm32f4xx_ll_fsmc.o
                0x0000000008004360                FSMC_NORSRAM_Init
 .text.FSMC_NORSRAM_Timing_Init
                0x0000000008004404       0x7a Drivers/STM32F4xx_HAL_Driver/Src/stm32f4xx_ll_fsmc.o
                0x0000000008004404                FSMC_NORSRAM_Timing_Init
 *fill*         0x000000000800447e        0x2 
 .text.FSMC_NORSRAM_Extended_Timing_Init
                0x0000000008004480       0x80 Drivers/STM32F4xx_HAL_Driver/Src/stm32f4xx_ll_fsmc.o
                0x0000000008004480                FSMC_NORSRAM_Extended_Timing_Init
 .text.SVC_Setup
                0x0000000008004500        0xe Middlewares/Third_Party/FreeRTOS/Source/CMSIS_RTOS_V2/cmsis_os2.o
 *fill*         0x000000000800450e        0x2 
 .text.osKernelInitialize
                0x0000000008004510       0x68 Middlewares/Third_Party/FreeRTOS/Source/CMSIS_RTOS_V2/cmsis_os2.o
                0x0000000008004510                osKernelInitialize
 .text.osKernelStart
                0x0000000008004578       0x6c Middlewares/Third_Party/FreeRTOS/Source/CMSIS_RTOS_V2/cmsis_os2.o
                0x0000000008004578                osKernelStart
 .text.osThreadNew
                0x00000000080045e4      0x14c Middlewares/Third_Party/FreeRTOS/Source/CMSIS_RTOS_V2/cmsis_os2.o
                0x00000000080045e4                osThreadNew
 .text.osDelay  0x0000000008004730       0x5c Middlewares/Third_Party/FreeRTOS/Source/CMSIS_RTOS_V2/cmsis_os2.o
                0x0000000008004730                osDelay
 .text.vApplicationGetIdleTaskMemory
                0x000000000800478c       0x34 Middlewares/Third_Party/FreeRTOS/Source/CMSIS_RTOS_V2/cmsis_os2.o
                0x000000000800478c                vApplicationGetIdleTaskMemory
 .text.vApplicationGetTimerTaskMemory
                0x00000000080047c0       0x34 Middlewares/Third_Party/FreeRTOS/Source/CMSIS_RTOS_V2/cmsis_os2.o
                0x00000000080047c0                vApplicationGetTimerTaskMemory
 .text.vListInitialise
                0x00000000080047f4       0x40 Middlewares/Third_Party/FreeRTOS/Source/list.o
                0x00000000080047f4                vListInitialise
 .text.vListInitialiseItem
                0x0000000008004834       0x1a Middlewares/Third_Party/FreeRTOS/Source/list.o
                0x0000000008004834                vListInitialiseItem
 .text.vListInsertEnd
                0x000000000800484e       0x48 Middlewares/Third_Party/FreeRTOS/Source/list.o
                0x000000000800484e                vListInsertEnd
 .text.vListInsert
                0x0000000008004896       0x72 Middlewares/Third_Party/FreeRTOS/Source/list.o
                0x0000000008004896                vListInsert
 .text.uxListRemove
                0x0000000008004908       0x54 Middlewares/Third_Party/FreeRTOS/Source/list.o
                0x0000000008004908                uxListRemove
 .text.xQueueGenericReset
                0x000000000800495c       0xd0 Middlewares/Third_Party/FreeRTOS/Source/queue.o
                0x000000000800495c                xQueueGenericReset
 .text.xQueueGenericCreateStatic
                0x0000000008004a2c       0xe6 Middlewares/Third_Party/FreeRTOS/Source/queue.o
                0x0000000008004a2c                xQueueGenericCreateStatic
 .text.prvInitialiseNewQueue
                0x0000000008004b12       0x46 Middlewares/Third_Party/FreeRTOS/Source/queue.o
 .text.xQueueGenericSend
                0x0000000008004b58      0x1f4 Middlewares/Third_Party/FreeRTOS/Source/queue.o
                0x0000000008004b58                xQueueGenericSend
 .text.xQueueGenericSendFromISR
                0x0000000008004d4c      0x128 Middlewares/Third_Party/FreeRTOS/Source/queue.o
                0x0000000008004d4c                xQueueGenericSendFromISR
 .text.xQueueReceive
                0x0000000008004e74      0x1b8 Middlewares/Third_Party/FreeRTOS/Source/queue.o
                0x0000000008004e74                xQueueReceive
 .text.prvCopyDataToQueue
                0x000000000800502c       0xd4 Middlewares/Third_Party/FreeRTOS/Source/queue.o
 .text.prvCopyDataFromQueue
                0x0000000008005100       0x4c Middlewares/Third_Party/FreeRTOS/Source/queue.o
 .text.prvUnlockQueue
                0x000000000800514c       0xa4 Middlewares/Third_Party/FreeRTOS/Source/queue.o
 .text.prvIsQueueEmpty
                0x00000000080051f0       0x2c Middlewares/Third_Party/FreeRTOS/Source/queue.o
 .text.prvIsQueueFull
                0x000000000800521c       0x30 Middlewares/Third_Party/FreeRTOS/Source/queue.o
 .text.vQueueAddToRegistry
                0x000000000800524c       0x50 Middlewares/Third_Party/FreeRTOS/Source/queue.o
                0x000000000800524c                vQueueAddToRegistry
 .text.vQueueWaitForMessageRestricted
                0x000000000800529c       0x68 Middlewares/Third_Party/FreeRTOS/Source/queue.o
                0x000000000800529c                vQueueWaitForMessageRestricted
 .text.xTaskCreateStatic
                0x0000000008005304       0xb4 Middlewares/Third_Party/FreeRTOS/Source/tasks.o
                0x0000000008005304                xTaskCreateStatic
 .text.xTaskCreate
                0x00000000080053b8       0x8a Middlewares/Third_Party/FreeRTOS/Source/tasks.o
                0x00000000080053b8                xTaskCreate
 .text.prvInitialiseNewTask
                0x0000000008005442      0x11c Middlewares/Third_Party/FreeRTOS/Source/tasks.o
 *fill*         0x000000000800555e        0x2 
 .text.prvAddNewTaskToReadyList
                0x0000000008005560       0xe0 Middlewares/Third_Party/FreeRTOS/Source/tasks.o
 .text.vTaskDelay
                0x0000000008005640       0x68 Middlewares/Third_Party/FreeRTOS/Source/tasks.o
                0x0000000008005640                vTaskDelay
 .text.vTaskStartScheduler
                0x00000000080056a8       0xc8 Middlewares/Third_Party/FreeRTOS/Source/tasks.o
                0x00000000080056a8                vTaskStartScheduler
 .text.vTaskSuspendAll
                0x0000000008005770       0x1c Middlewares/Third_Party/FreeRTOS/Source/tasks.o
                0x0000000008005770                vTaskSuspendAll
 .text.xTaskResumeAll
                0x000000000800578c      0x138 Middlewares/Third_Party/FreeRTOS/Source/tasks.o
                0x000000000800578c                xTaskResumeAll
 .text.xTaskGetTickCount
                0x00000000080058c4       0x20 Middlewares/Third_Party/FreeRTOS/Source/tasks.o
                0x00000000080058c4                xTaskGetTickCount
 .text.xTaskIncrementTick
                0x00000000080058e4      0x170 Middlewares/Third_Party/FreeRTOS/Source/tasks.o
                0x00000000080058e4                xTaskIncrementTick
 .text.vTaskSwitchContext
                0x0000000008005a54       0xb8 Middlewares/Third_Party/FreeRTOS/Source/tasks.o
                0x0000000008005a54                vTaskSwitchContext
 .text.vTaskPlaceOnEventList
                0x0000000008005b0c       0x48 Middlewares/Third_Party/FreeRTOS/Source/tasks.o
                0x0000000008005b0c                vTaskPlaceOnEventList
 .text.vTaskPlaceOnEventListRestricted
                0x0000000008005b54       0x54 Middlewares/Third_Party/FreeRTOS/Source/tasks.o
                0x0000000008005b54                vTaskPlaceOnEventListRestricted
 .text.xTaskRemoveFromEventList
                0x0000000008005ba8       0xc4 Middlewares/Third_Party/FreeRTOS/Source/tasks.o
                0x0000000008005ba8                xTaskRemoveFromEventList
 .text.vTaskInternalSetTimeOutState
                0x0000000008005c6c       0x2c Middlewares/Third_Party/FreeRTOS/Source/tasks.o
                0x0000000008005c6c                vTaskInternalSetTimeOutState
 .text.xTaskCheckForTimeOut
                0x0000000008005c98       0xc0 Middlewares/Third_Party/FreeRTOS/Source/tasks.o
                0x0000000008005c98                xTaskCheckForTimeOut
 .text.vTaskMissedYield
                0x0000000008005d58       0x18 Middlewares/Third_Party/FreeRTOS/Source/tasks.o
                0x0000000008005d58                vTaskMissedYield
 .text.prvIdleTask
                0x0000000008005d70       0x30 Middlewares/Third_Party/FreeRTOS/Source/tasks.o
 .text.prvInitialiseTaskLists
                0x0000000008005da0       0x80 Middlewares/Third_Party/FreeRTOS/Source/tasks.o
 .text.prvCheckTasksWaitingTermination
                0x0000000008005e20       0x58 Middlewares/Third_Party/FreeRTOS/Source/tasks.o
 .text.prvDeleteTCB
                0x0000000008005e78       0x5c Middlewares/Third_Party/FreeRTOS/Source/tasks.o
 .text.prvResetNextTaskUnblockTime
                0x0000000008005ed4       0x40 Middlewares/Third_Party/FreeRTOS/Source/tasks.o
 .text.xTaskGetSchedulerState
                0x0000000008005f14       0x3c Middlewares/Third_Party/FreeRTOS/Source/tasks.o
                0x0000000008005f14                xTaskGetSchedulerState
 .text.xTaskPriorityDisinherit
                0x0000000008005f50       0xd8 Middlewares/Third_Party/FreeRTOS/Source/tasks.o
                0x0000000008005f50                xTaskPriorityDisinherit
 .text.prvAddCurrentTaskToDelayedList
                0x0000000008006028       0xa8 Middlewares/Third_Party/FreeRTOS/Source/tasks.o
 .text.xTimerCreateTimerTask
                0x00000000080060d0       0x90 Middlewares/Third_Party/FreeRTOS/Source/timers.o
                0x00000000080060d0                xTimerCreateTimerTask
 .text.xTimerGenericCommand
                0x0000000008006160       0x98 Middlewares/Third_Party/FreeRTOS/Source/timers.o
                0x0000000008006160                xTimerGenericCommand
 .text.prvProcessExpiredTimer
                0x00000000080061f8       0x98 Middlewares/Third_Party/FreeRTOS/Source/timers.o
 .text.prvTimerTask
                0x0000000008006290       0x24 Middlewares/Third_Party/FreeRTOS/Source/timers.o
 .text.prvProcessTimerOrBlockTask
                0x00000000080062b4       0x9c Middlewares/Third_Party/FreeRTOS/Source/timers.o
 .text.prvGetNextExpireTime
                0x0000000008006350       0x48 Middlewares/Third_Party/FreeRTOS/Source/timers.o
 .text.prvSampleTimeNow
                0x0000000008006398       0x40 Middlewares/Third_Party/FreeRTOS/Source/timers.o
 .text.prvInsertTimerInActiveList
                0x00000000080063d8       0x84 Middlewares/Third_Party/FreeRTOS/Source/timers.o
 .text.prvProcessReceivedCommands
                0x000000000800645c      0x1b8 Middlewares/Third_Party/FreeRTOS/Source/timers.o
 .text.prvSwitchTimerLists
                0x0000000008006614       0xc8 Middlewares/Third_Party/FreeRTOS/Source/timers.o
 .text.prvCheckForValidListAndQueue
                0x00000000080066dc       0x80 Middlewares/Third_Party/FreeRTOS/Source/timers.o
 .text.pxPortInitialiseStack
                0x000000000800675c       0x68 Middlewares/Third_Party/FreeRTOS/Source/portable/GCC/ARM_CM4F/port.o
                0x000000000800675c                pxPortInitialiseStack
 .text.prvTaskExitError
                0x00000000080067c4       0x54 Middlewares/Third_Party/FreeRTOS/Source/portable/GCC/ARM_CM4F/port.o
 *fill*         0x0000000008006818        0x8 
 .text.SVC_Handler
                0x0000000008006820       0x28 Middlewares/Third_Party/FreeRTOS/Source/portable/GCC/ARM_CM4F/port.o
                0x0000000008006820                SVC_Handler
 .text.prvPortStartFirstTask
                0x0000000008006848       0x28 Middlewares/Third_Party/FreeRTOS/Source/portable/GCC/ARM_CM4F/port.o
 .text.xPortStartScheduler
                0x0000000008006870      0x13c Middlewares/Third_Party/FreeRTOS/Source/portable/GCC/ARM_CM4F/port.o
                0x0000000008006870                xPortStartScheduler
 .text.vPortEnterCritical
                0x00000000080069ac       0x5c Middlewares/Third_Party/FreeRTOS/Source/portable/GCC/ARM_CM4F/port.o
                0x00000000080069ac                vPortEnterCritical
 .text.vPortExitCritical
                0x0000000008006a08       0x50 Middlewares/Third_Party/FreeRTOS/Source/portable/GCC/ARM_CM4F/port.o
                0x0000000008006a08                vPortExitCritical
 *fill*         0x0000000008006a58        0x8 
 .text.PendSV_Handler
                0x0000000008006a60       0x68 Middlewares/Third_Party/FreeRTOS/Source/portable/GCC/ARM_CM4F/port.o
                0x0000000008006a60                PendSV_Handler
 .text.SysTick_Handler
                0x0000000008006ac8       0x40 Middlewares/Third_Party/FreeRTOS/Source/portable/GCC/ARM_CM4F/port.o
                0x0000000008006ac8                SysTick_Handler
 .text.vPortSetupTimerInterrupt
                0x0000000008006b08       0x48 Middlewares/Third_Party/FreeRTOS/Source/portable/GCC/ARM_CM4F/port.o
                0x0000000008006b08                vPortSetupTimerInterrupt
 .text.vPortEnableVFP
                0x0000000008006b50       0x14 Middlewares/Third_Party/FreeRTOS/Source/portable/GCC/ARM_CM4F/port.o
 .text.vPortValidateInterruptPriority
                0x0000000008006b64       0x7c Middlewares/Third_Party/FreeRTOS/Source/portable/GCC/ARM_CM4F/port.o
                0x0000000008006b64                vPortValidateInterruptPriority
 .text.pvPortMalloc
                0x0000000008006be0      0x184 Middlewares/Third_Party/FreeRTOS/Source/portable/MemMang/heap_4.o
                0x0000000008006be0                pvPortMalloc
 .text.vPortFree
                0x0000000008006d64       0xb0 Middlewares/Third_Party/FreeRTOS/Source/portable/MemMang/heap_4.o
                0x0000000008006d64                vPortFree
 .text.prvHeapInit
                0x0000000008006e14       0xc4 Middlewares/Third_Party/FreeRTOS/Source/portable/MemMang/heap_4.o
 .text.prvInsertBlockIntoFreeList
                0x0000000008006ed8       0xb4 Middlewares/Third_Party/FreeRTOS/Source/portable/MemMang/heap_4.o
 .text.__errno  0x0000000008006f8c        0xc c:/st/stm32cubeide_1.5.0/stm32cubeide/plugins/com.st.stm32cube.ide.mcu.externaltools.gnu-tools-for-stm32.7-2018-q2-update.win32_1.5.0.202011040924/tools/bin/../lib/gcc/arm-none-eabi/7.3.1/../../../../arm-none-eabi/lib/thumb/v7e-m/fpv4-sp/hard\libc_nano.a(lib_a-errno.o)
                0x0000000008006f8c                __errno
 .text.__libc_init_array
                0x0000000008006f98       0x48 c:/st/stm32cubeide_1.5.0/stm32cubeide/plugins/com.st.stm32cube.ide.mcu.externaltools.gnu-tools-for-stm32.7-2018-q2-update.win32_1.5.0.202011040924/tools/bin/../lib/gcc/arm-none-eabi/7.3.1/../../../../arm-none-eabi/lib/thumb/v7e-m/fpv4-sp/hard\libc_nano.a(lib_a-init.o)
                0x0000000008006f98                __libc_init_array
 .text.memcpy   0x0000000008006fe0       0x16 c:/st/stm32cubeide_1.5.0/stm32cubeide/plugins/com.st.stm32cube.ide.mcu.externaltools.gnu-tools-for-stm32.7-2018-q2-update.win32_1.5.0.202011040924/tools/bin/../lib/gcc/arm-none-eabi/7.3.1/../../../../arm-none-eabi/lib/thumb/v7e-m/fpv4-sp/hard\libc_nano.a(lib_a-memcpy-stub.o)
                0x0000000008006fe0                memcpy
 .text.memset   0x0000000008006ff6       0x10 c:/st/stm32cubeide_1.5.0/stm32cubeide/plugins/com.st.stm32cube.ide.mcu.externaltools.gnu-tools-for-stm32.7-2018-q2-update.win32_1.5.0.202011040924/tools/bin/../lib/gcc/arm-none-eabi/7.3.1/../../../../arm-none-eabi/lib/thumb/v7e-m/fpv4-sp/hard\libc_nano.a(lib_a-memset.o)
                0x0000000008006ff6                memset
 *fill*         0x0000000008007006        0x2 
 .text.sprintf  0x0000000008007008       0x40 c:/st/stm32cubeide_1.5.0/stm32cubeide/plugins/com.st.stm32cube.ide.mcu.externaltools.gnu-tools-for-stm32.7-2018-q2-update.win32_1.5.0.202011040924/tools/bin/../lib/gcc/arm-none-eabi/7.3.1/../../../../arm-none-eabi/lib/thumb/v7e-m/fpv4-sp/hard\libc_nano.a(lib_a-sprintf.o)
                0x0000000008007008                siprintf
                0x0000000008007008                sprintf
 .text.__ssputs_r
                0x0000000008007048       0xb4 c:/st/stm32cubeide_1.5.0/stm32cubeide/plugins/com.st.stm32cube.ide.mcu.externaltools.gnu-tools-for-stm32.7-2018-q2-update.win32_1.5.0.202011040924/tools/bin/../lib/gcc/arm-none-eabi/7.3.1/../../../../arm-none-eabi/lib/thumb/v7e-m/fpv4-sp/hard\libc_nano.a(lib_a-nano-svfprintf.o)
                0x0000000008007048                __ssputs_r
 .text._svfprintf_r
                0x00000000080070fc      0x1f0 c:/st/stm32cubeide_1.5.0/stm32cubeide/plugins/com.st.stm32cube.ide.mcu.externaltools.gnu-tools-for-stm32.7-2018-q2-update.win32_1.5.0.202011040924/tools/bin/../lib/gcc/arm-none-eabi/7.3.1/../../../../arm-none-eabi/lib/thumb/v7e-m/fpv4-sp/hard\libc_nano.a(lib_a-nano-svfprintf.o)
                0x00000000080070fc                _svfiprintf_r
                0x00000000080070fc                _svfprintf_r
 .text._printf_common
                0x00000000080072ec       0xea c:/st/stm32cubeide_1.5.0/stm32cubeide/plugins/com.st.stm32cube.ide.mcu.externaltools.gnu-tools-for-stm32.7-2018-q2-update.win32_1.5.0.202011040924/tools/bin/../lib/gcc/arm-none-eabi/7.3.1/../../../../arm-none-eabi/lib/thumb/v7e-m/fpv4-sp/hard\libc_nano.a(lib_a-nano-vfprintf_i.o)
                0x00000000080072ec                _printf_common
 *fill*         0x00000000080073d6        0x2 
 .text._printf_i
                0x00000000080073d8      0x224 c:/st/stm32cubeide_1.5.0/stm32cubeide/plugins/com.st.stm32cube.ide.mcu.externaltools.gnu-tools-for-stm32.7-2018-q2-update.win32_1.5.0.202011040924/tools/bin/../lib/gcc/arm-none-eabi/7.3.1/../../../../arm-none-eabi/lib/thumb/v7e-m/fpv4-sp/hard\libc_nano.a(lib_a-nano-vfprintf_i.o)
                0x00000000080073d8                _printf_i
 .text.memmove  0x00000000080075fc       0x32 c:/st/stm32cubeide_1.5.0/stm32cubeide/plugins/com.st.stm32cube.ide.mcu.externaltools.gnu-tools-for-stm32.7-2018-q2-update.win32_1.5.0.202011040924/tools/bin/../lib/gcc/arm-none-eabi/7.3.1/../../../../arm-none-eabi/lib/thumb/v7e-m/fpv4-sp/hard\libc_nano.a(lib_a-memmove.o)
                0x00000000080075fc                memmove
 *fill*         0x000000000800762e        0x2 
 .text._free_r  0x0000000008007630       0x9c c:/st/stm32cubeide_1.5.0/stm32cubeide/plugins/com.st.stm32cube.ide.mcu.externaltools.gnu-tools-for-stm32.7-2018-q2-update.win32_1.5.0.202011040924/tools/bin/../lib/gcc/arm-none-eabi/7.3.1/../../../../arm-none-eabi/lib/thumb/v7e-m/fpv4-sp/hard\libc_nano.a(lib_a-nano-freer.o)
                0x0000000008007630                _free_r
 .text._malloc_r
                0x00000000080076cc       0xb4 c:/st/stm32cubeide_1.5.0/stm32cubeide/plugins/com.st.stm32cube.ide.mcu.externaltools.gnu-tools-for-stm32.7-2018-q2-update.win32_1.5.0.202011040924/tools/bin/../lib/gcc/arm-none-eabi/7.3.1/../../../../arm-none-eabi/lib/thumb/v7e-m/fpv4-sp/hard\libc_nano.a(lib_a-nano-mallocr.o)
                0x00000000080076cc                _malloc_r
 .text._realloc_r
                0x0000000008007780       0x4c c:/st/stm32cubeide_1.5.0/stm32cubeide/plugins/com.st.stm32cube.ide.mcu.externaltools.gnu-tools-for-stm32.7-2018-q2-update.win32_1.5.0.202011040924/tools/bin/../lib/gcc/arm-none-eabi/7.3.1/../../../../arm-none-eabi/lib/thumb/v7e-m/fpv4-sp/hard\libc_nano.a(lib_a-nano-reallocr.o)
                0x0000000008007780                _realloc_r
 .text._sbrk_r  0x00000000080077cc       0x20 c:/st/stm32cubeide_1.5.0/stm32cubeide/plugins/com.st.stm32cube.ide.mcu.externaltools.gnu-tools-for-stm32.7-2018-q2-update.win32_1.5.0.202011040924/tools/bin/../lib/gcc/arm-none-eabi/7.3.1/../../../../arm-none-eabi/lib/thumb/v7e-m/fpv4-sp/hard\libc_nano.a(lib_a-sbrkr.o)
                0x00000000080077cc                _sbrk_r
 .text.__malloc_lock
                0x00000000080077ec        0x2 c:/st/stm32cubeide_1.5.0/stm32cubeide/plugins/com.st.stm32cube.ide.mcu.externaltools.gnu-tools-for-stm32.7-2018-q2-update.win32_1.5.0.202011040924/tools/bin/../lib/gcc/arm-none-eabi/7.3.1/../../../../arm-none-eabi/lib/thumb/v7e-m/fpv4-sp/hard\libc_nano.a(lib_a-mlock.o)
                0x00000000080077ec                __malloc_lock
 .text.__malloc_unlock
                0x00000000080077ee        0x2 c:/st/stm32cubeide_1.5.0/stm32cubeide/plugins/com.st.stm32cube.ide.mcu.externaltools.gnu-tools-for-stm32.7-2018-q2-update.win32_1.5.0.202011040924/tools/bin/../lib/gcc/arm-none-eabi/7.3.1/../../../../arm-none-eabi/lib/thumb/v7e-m/fpv4-sp/hard\libc_nano.a(lib_a-mlock.o)
                0x00000000080077ee                __malloc_unlock
 .text._malloc_usable_size_r
                0x00000000080077f0       0x10 c:/st/stm32cubeide_1.5.0/stm32cubeide/plugins/com.st.stm32cube.ide.mcu.externaltools.gnu-tools-for-stm32.7-2018-q2-update.win32_1.5.0.202011040924/tools/bin/../lib/gcc/arm-none-eabi/7.3.1/../../../../arm-none-eabi/lib/thumb/v7e-m/fpv4-sp/hard\libc_nano.a(lib_a-nano-msizer.o)
                0x00000000080077f0                _malloc_usable_size_r
 *(.glue_7)
 .glue_7        0x0000000008007800        0x0 linker stubs
 *(.glue_7t)
 .glue_7t       0x0000000008007800        0x0 linker stubs
 *(.eh_frame)
 .eh_frame      0x0000000008007800        0x0 c:/st/stm32cubeide_1.5.0/stm32cubeide/plugins/com.st.stm32cube.ide.mcu.externaltools.gnu-tools-for-stm32.7-2018-q2-update.win32_1.5.0.202011040924/tools/bin/../lib/gcc/arm-none-eabi/7.3.1/thumb/v7e-m/fpv4-sp/hard/crtbegin.o
 *(.init)
 .init          0x0000000008007800        0x4 c:/st/stm32cubeide_1.5.0/stm32cubeide/plugins/com.st.stm32cube.ide.mcu.externaltools.gnu-tools-for-stm32.7-2018-q2-update.win32_1.5.0.202011040924/tools/bin/../lib/gcc/arm-none-eabi/7.3.1/thumb/v7e-m/fpv4-sp/hard/crti.o
                0x0000000008007800                _init
 .init          0x0000000008007804        0x8 c:/st/stm32cubeide_1.5.0/stm32cubeide/plugins/com.st.stm32cube.ide.mcu.externaltools.gnu-tools-for-stm32.7-2018-q2-update.win32_1.5.0.202011040924/tools/bin/../lib/gcc/arm-none-eabi/7.3.1/thumb/v7e-m/fpv4-sp/hard/crtn.o
 *(.fini)
 .fini          0x000000000800780c        0x4 c:/st/stm32cubeide_1.5.0/stm32cubeide/plugins/com.st.stm32cube.ide.mcu.externaltools.gnu-tools-for-stm32.7-2018-q2-update.win32_1.5.0.202011040924/tools/bin/../lib/gcc/arm-none-eabi/7.3.1/thumb/v7e-m/fpv4-sp/hard/crti.o
                0x000000000800780c                _fini
 .fini          0x0000000008007810        0x8 c:/st/stm32cubeide_1.5.0/stm32cubeide/plugins/com.st.stm32cube.ide.mcu.externaltools.gnu-tools-for-stm32.7-2018-q2-update.win32_1.5.0.202011040924/tools/bin/../lib/gcc/arm-none-eabi/7.3.1/thumb/v7e-m/fpv4-sp/hard/crtn.o
                0x0000000008007818                . = ALIGN (0x4)
                0x0000000008007818                _etext = .

.vfp11_veneer   0x0000000008007818        0x0
 .vfp11_veneer  0x0000000008007818        0x0 linker stubs

.v4_bx          0x0000000008007818        0x0
 .v4_bx         0x0000000008007818        0x0 linker stubs

.iplt           0x0000000008007818        0x0
 .iplt          0x0000000008007818        0x0 c:/st/stm32cubeide_1.5.0/stm32cubeide/plugins/com.st.stm32cube.ide.mcu.externaltools.gnu-tools-for-stm32.7-2018-q2-update.win32_1.5.0.202011040924/tools/bin/../lib/gcc/arm-none-eabi/7.3.1/thumb/v7e-m/fpv4-sp/hard/crtbegin.o

.rodata         0x0000000008007818     0x28f8
                0x0000000008007818                . = ALIGN (0x4)
 *(.rodata)
 .rodata        0x0000000008007818       0x1f Application/Src/app.o
 *fill*         0x0000000008007837        0x1 
 .rodata        0x0000000008007838       0x16 Core/Src/main.o
 *fill*         0x000000000800784e        0x2 
 .rodata        0x0000000008007850        0x5 Middlewares/Third_Party/FreeRTOS/Source/tasks.o
 *fill*         0x0000000008007855        0x3 
 .rodata        0x0000000008007858        0xd Middlewares/Third_Party/FreeRTOS/Source/timers.o
 *(.rodata*)
 *fill*         0x0000000008007865        0x3 
 .rodata._ZL8Data7x10
                0x0000000008007868      0x76c Application/Src/lcd_fonts.o
 .rodata._ZL9Data11x18
                0x0000000008007fd4      0xd5c Application/Src/lcd_fonts.o
 .rodata._ZL9Data16x26
                0x0000000008008d30     0x134c Application/Src/lcd_fonts.o
 .rodata.defaultTask_attributes
                0x000000000800a07c       0x24 Core/Src/main.o
                0x000000000800a07c                defaultTask_attributes
 .rodata.blinkTask_attributes
                0x000000000800a0a0       0x24 Core/Src/main.o
                0x000000000800a0a0                blinkTask_attributes
 .rodata.AHBPrescTable
                0x000000000800a0c4       0x10 Core/Src/system_stm32f4xx.o
                0x000000000800a0c4                AHBPrescTable
 .rodata.APBPrescTable
                0x000000000800a0d4        0x8 Core/Src/system_stm32f4xx.o
                0x000000000800a0d4                APBPrescTable
 .rodata._svfprintf_r.str1.1
                0x000000000800a0dc       0x11 c:/st/stm32cubeide_1.5.0/stm32cubeide/plugins/com.st.stm32cube.ide.mcu.externaltools.gnu-tools-for-stm32.7-2018-q2-update.win32_1.5.0.202011040924/tools/bin/../lib/gcc/arm-none-eabi/7.3.1/../../../../arm-none-eabi/lib/thumb/v7e-m/fpv4-sp/hard\libc_nano.a(lib_a-nano-svfprintf.o)
 .rodata._printf_i.str1.1
                0x000000000800a0ed       0x22 c:/st/stm32cubeide_1.5.0/stm32cubeide/plugins/com.st.stm32cube.ide.mcu.externaltools.gnu-tools-for-stm32.7-2018-q2-update.win32_1.5.0.202011040924/tools/bin/../lib/gcc/arm-none-eabi/7.3.1/../../../../arm-none-eabi/lib/thumb/v7e-m/fpv4-sp/hard\libc_nano.a(lib_a-nano-vfprintf_i.o)
                0x000000000800a110                . = ALIGN (0x4)
 *fill*         0x000000000800a10f        0x1 

.ARM.extab      0x000000000800a110        0x0
                0x000000000800a110                . = ALIGN (0x4)
 *(.ARM.extab* .gnu.linkonce.armextab.*)
                0x000000000800a110                . = ALIGN (0x4)

.ARM            0x000000000800a110        0x8
                0x000000000800a110                . = ALIGN (0x4)
                0x000000000800a110                __exidx_start = .
 *(.ARM.exidx*)
 .ARM.exidx     0x000000000800a110        0x8 c:/st/stm32cubeide_1.5.0/stm32cubeide/plugins/com.st.stm32cube.ide.mcu.externaltools.gnu-tools-for-stm32.7-2018-q2-update.win32_1.5.0.202011040924/tools/bin/../lib/gcc/arm-none-eabi/7.3.1/thumb/v7e-m/fpv4-sp/hard\libgcc.a(_udivmoddi4.o)
                0x000000000800a118                __exidx_end = .
                0x000000000800a118                . = ALIGN (0x4)

.rel.dyn        0x000000000800a118        0x0
 .rel.iplt      0x000000000800a118        0x0 c:/st/stm32cubeide_1.5.0/stm32cubeide/plugins/com.st.stm32cube.ide.mcu.externaltools.gnu-tools-for-stm32.7-2018-q2-update.win32_1.5.0.202011040924/tools/bin/../lib/gcc/arm-none-eabi/7.3.1/thumb/v7e-m/fpv4-sp/hard/crtbegin.o

.preinit_array  0x000000000800a118        0x0
                0x000000000800a118                . = ALIGN (0x4)
                0x000000000800a118                PROVIDE (__preinit_array_start = .)
 *(.preinit_array*)
                0x000000000800a118                PROVIDE (__preinit_array_end = .)
                0x000000000800a118                . = ALIGN (0x4)

.init_array     0x000000000800a118       0x10
                0x000000000800a118                . = ALIGN (0x4)
                0x000000000800a118                PROVIDE (__init_array_start = .)
 *(SORT_BY_NAME(.init_array.*))
 *(.init_array*)
 .init_array    0x000000000800a118        0x4 c:/st/stm32cubeide_1.5.0/stm32cubeide/plugins/com.st.stm32cube.ide.mcu.externaltools.gnu-tools-for-stm32.7-2018-q2-update.win32_1.5.0.202011040924/tools/bin/../lib/gcc/arm-none-eabi/7.3.1/thumb/v7e-m/fpv4-sp/hard/crtbegin.o
 .init_array    0x000000000800a11c        0x4 Application/Src/lcd.o
 .init_array    0x000000000800a120        0x4 Application/Src/lcd_fonts.o
 .init_array    0x000000000800a124        0x4 Application/Src/touch.o
                0x000000000800a128                PROVIDE (__init_array_end = .)
                0x000000000800a128                . = ALIGN (0x4)

.fini_array     0x000000000800a128        0x4
                0x000000000800a128                . = ALIGN (0x4)
                [!provide]                        PROVIDE (__fini_array_start = .)
 *(SORT_BY_NAME(.fini_array.*))
 *(.fini_array*)
 .fini_array    0x000000000800a128        0x4 c:/st/stm32cubeide_1.5.0/stm32cubeide/plugins/com.st.stm32cube.ide.mcu.externaltools.gnu-tools-for-stm32.7-2018-q2-update.win32_1.5.0.202011040924/tools/bin/../lib/gcc/arm-none-eabi/7.3.1/thumb/v7e-m/fpv4-sp/hard/crtbegin.o
                [!provide]                        PROVIDE (__fini_array_end = .)
                0x000000000800a12c                . = ALIGN (0x4)
                0x000000000800a12c                _sidata = LOADADDR (.data)

.data           0x0000000020000000       0x78 load address 0x000000000800a12c
                0x0000000020000000                . = ALIGN (0x4)
                0x0000000020000000                _sdata = .
 *(.data)
 *(.data*)
 .data.LedPin   0x0000000020000000        0x4 Core/Src/board.o
                0x0000000020000000                LedPin
 .data.SystemCoreClock
                0x0000000020000004        0x4 Core/Src/system_stm32f4xx.o
                0x0000000020000004                SystemCoreClock
 .data.uwTickPrio
                0x0000000020000008        0x4 Drivers/STM32F4xx_HAL_Driver/Src/stm32f4xx_hal.o
                0x0000000020000008                uwTickPrio
 .data.uwTickFreq
                0x000000002000000c        0x1 Drivers/STM32F4xx_HAL_Driver/Src/stm32f4xx_hal.o
                0x000000002000000c                uwTickFreq
 *fill*         0x000000002000000d        0x3 
 .data.uxCriticalNesting
                0x0000000020000010        0x4 Middlewares/Third_Party/FreeRTOS/Source/portable/GCC/ARM_CM4F/port.o
 .data._impure_ptr
                0x0000000020000014        0x4 c:/st/stm32cubeide_1.5.0/stm32cubeide/plugins/com.st.stm32cube.ide.mcu.externaltools.gnu-tools-for-stm32.7-2018-q2-update.win32_1.5.0.202011040924/tools/bin/../lib/gcc/arm-none-eabi/7.3.1/../../../../arm-none-eabi/lib/thumb/v7e-m/fpv4-sp/hard\libc_nano.a(lib_a-impure.o)
                0x0000000020000014                _impure_ptr
 .data.impure_data
                0x0000000020000018       0x60 c:/st/stm32cubeide_1.5.0/stm32cubeide/plugins/com.st.stm32cube.ide.mcu.externaltools.gnu-tools-for-stm32.7-2018-q2-update.win32_1.5.0.202011040924/tools/bin/../lib/gcc/arm-none-eabi/7.3.1/../../../../arm-none-eabi/lib/thumb/v7e-m/fpv4-sp/hard\libc_nano.a(lib_a-impure.o)
 *(.RamFunc)
 *(.RamFunc*)
                0x0000000020000078                . = ALIGN (0x4)
                0x0000000020000078                _edata = .

.igot.plt       0x0000000020000078        0x0 load address 0x000000000800a1a4
 .igot.plt      0x0000000020000078        0x0 c:/st/stm32cubeide_1.5.0/stm32cubeide/plugins/com.st.stm32cube.ide.mcu.externaltools.gnu-tools-for-stm32.7-2018-q2-update.win32_1.5.0.202011040924/tools/bin/../lib/gcc/arm-none-eabi/7.3.1/thumb/v7e-m/fpv4-sp/hard/crtbegin.o
                0x0000000020000078                . = ALIGN (0x4)

.bss            0x0000000020000078     0x4b44 load address 0x000000000800a1a4
                0x0000000020000078                _sbss = .
                0x0000000020000078                __bss_start__ = _sbss
 *(.bss)
 .bss           0x0000000020000078       0x1c c:/st/stm32cubeide_1.5.0/stm32cubeide/plugins/com.st.stm32cube.ide.mcu.externaltools.gnu-tools-for-stm32.7-2018-q2-update.win32_1.5.0.202011040924/tools/bin/../lib/gcc/arm-none-eabi/7.3.1/thumb/v7e-m/fpv4-sp/hard/crtbegin.o
 *(.bss*)
 .bss.lcd       0x0000000020000094       0x38 Application/Src/lcd.o
                0x0000000020000094                lcd
 .bss.Font_7x10
                0x00000000200000cc        0xc Application/Src/lcd_fonts.o
                0x00000000200000cc                Font_7x10
 .bss.Font_11x18
                0x00000000200000d8        0xc Application/Src/lcd_fonts.o
                0x00000000200000d8                Font_11x18
 .bss.Font_16x26
                0x00000000200000e4        0xc Application/Src/lcd_fonts.o
                0x00000000200000e4                Font_16x26
 .bss.touch     0x00000000200000f0       0x1c Application/Src/touch.o
                0x00000000200000f0                touch
 .bss.FSMC_Initialized
                0x000000002000010c        0x4 Core/Src/stm32f4xx_hal_msp.o
 .bss.__sbrk_heap_end
                0x0000000020000110        0x4 Core/Src/sysmem.o
 .bss.KernelState
                0x0000000020000114        0x4 Middlewares/Third_Party/FreeRTOS/Source/CMSIS_RTOS_V2/cmsis_os2.o
 .bss.Idle_TCB  0x0000000020000118       0x5c Middlewares/Third_Party/FreeRTOS/Source/CMSIS_RTOS_V2/cmsis_os2.o
 .bss.Idle_Stack
                0x0000000020000174      0x200 Middlewares/Third_Party/FreeRTOS/Source/CMSIS_RTOS_V2/cmsis_os2.o
 .bss.Timer_TCB
                0x0000000020000374       0x5c Middlewares/Third_Party/FreeRTOS/Source/CMSIS_RTOS_V2/cmsis_os2.o
 .bss.Timer_Stack
                0x00000000200003d0      0x400 Middlewares/Third_Party/FreeRTOS/Source/CMSIS_RTOS_V2/cmsis_os2.o
 .bss.pxCurrentTCB
                0x00000000200007d0        0x4 Middlewares/Third_Party/FreeRTOS/Source/tasks.o
                0x00000000200007d0                pxCurrentTCB
 .bss.pxReadyTasksLists
                0x00000000200007d4      0x460 Middlewares/Third_Party/FreeRTOS/Source/tasks.o
 .bss.xDelayedTaskList1
                0x0000000020000c34       0x14 Middlewares/Third_Party/FreeRTOS/Source/tasks.o
 .bss.xDelayedTaskList2
                0x0000000020000c48       0x14 Middlewares/Third_Party/FreeRTOS/Source/tasks.o
 .bss.pxDelayedTaskList
                0x0000000020000c5c        0x4 Middlewares/Third_Party/FreeRTOS/Source/tasks.o
 .bss.pxOverflowDelayedTaskList
                0x0000000020000c60        0x4 Middlewares/Third_Party/FreeRTOS/Source/tasks.o
 .bss.xPendingReadyList
                0x0000000020000c64       0x14 Middlewares/Third_Party/FreeRTOS/Source/tasks.o
 .bss.xTasksWaitingTermination
                0x0000000020000c78       0x14 Middlewares/Third_Party/FreeRTOS/Source/tasks.o
 .bss.uxDeletedTasksWaitingCleanUp
                0x0000000020000c8c        0x4 Middlewares/Third_Party/FreeRTOS/Source/tasks.o
 .bss.xSuspendedTaskList
                0x0000000020000c90       0x14 Middlewares/Third_Party/FreeRTOS/Source/tasks.o
 .bss.uxCurrentNumberOfTasks
                0x0000000020000ca4        0x4 Middlewares/Third_Party/FreeRTOS/Source/tasks.o
 .bss.xTickCount
                0x0000000020000ca8        0x4 Middlewares/Third_Party/FreeRTOS/Source/tasks.o
 .bss.uxTopReadyPriority
                0x0000000020000cac        0x4 Middlewares/Third_Party/FreeRTOS/Source/tasks.o
 .bss.xSchedulerRunning
                0x0000000020000cb0        0x4 Middlewares/Third_Party/FreeRTOS/Source/tasks.o
 .bss.uxPendedTicks
                0x0000000020000cb4        0x4 Middlewares/Third_Party/FreeRTOS/Source/tasks.o
 .bss.xYieldPending
                0x0000000020000cb8        0x4 Middlewares/Third_Party/FreeRTOS/Source/tasks.o
 .bss.xNumOfOverflows
                0x0000000020000cbc        0x4 Middlewares/Third_Party/FreeRTOS/Source/tasks.o
 .bss.uxTaskNumber
                0x0000000020000cc0        0x4 Middlewares/Third_Party/FreeRTOS/Source/tasks.o
 .bss.xNextTaskUnblockTime
                0x0000000020000cc4        0x4 Middlewares/Third_Party/FreeRTOS/Source/tasks.o
 .bss.xIdleTaskHandle
                0x0000000020000cc8        0x4 Middlewares/Third_Party/FreeRTOS/Source/tasks.o
 .bss.uxSchedulerSuspended
                0x0000000020000ccc        0x4 Middlewares/Third_Party/FreeRTOS/Source/tasks.o
 .bss.xActiveTimerList1
                0x0000000020000cd0       0x14 Middlewares/Third_Party/FreeRTOS/Source/timers.o
 .bss.xActiveTimerList2
                0x0000000020000ce4       0x14 Middlewares/Third_Party/FreeRTOS/Source/timers.o
 .bss.pxCurrentTimerList
                0x0000000020000cf8        0x4 Middlewares/Third_Party/FreeRTOS/Source/timers.o
 .bss.pxOverflowTimerList
                0x0000000020000cfc        0x4 Middlewares/Third_Party/FreeRTOS/Source/timers.o
 .bss.xTimerQueue
                0x0000000020000d00        0x4 Middlewares/Third_Party/FreeRTOS/Source/timers.o
 .bss.xTimerTaskHandle
                0x0000000020000d04        0x4 Middlewares/Third_Party/FreeRTOS/Source/timers.o
 .bss.xLastTime.6741
                0x0000000020000d08        0x4 Middlewares/Third_Party/FreeRTOS/Source/timers.o
 .bss.ucStaticTimerQueueStorage.6792
                0x0000000020000d0c       0xa0 Middlewares/Third_Party/FreeRTOS/Source/timers.o
 .bss.xStaticTimerQueue.6791
                0x0000000020000dac       0x50 Middlewares/Third_Party/FreeRTOS/Source/timers.o
 .bss.ucMaxSysCallPriority
                0x0000000020000dfc        0x1 Middlewares/Third_Party/FreeRTOS/Source/portable/GCC/ARM_CM4F/port.o
 *fill*         0x0000000020000dfd        0x3 
 .bss.ulMaxPRIGROUPValue
                0x0000000020000e00        0x4 Middlewares/Third_Party/FreeRTOS/Source/portable/GCC/ARM_CM4F/port.o
 .bss.ucHeap    0x0000000020000e04     0x3c00 Middlewares/Third_Party/FreeRTOS/Source/portable/MemMang/heap_4.o
 .bss.xStart    0x0000000020004a04        0x8 Middlewares/Third_Party/FreeRTOS/Source/portable/MemMang/heap_4.o
 .bss.pxEnd     0x0000000020004a0c        0x4 Middlewares/Third_Party/FreeRTOS/Source/portable/MemMang/heap_4.o
 .bss.xFreeBytesRemaining
                0x0000000020004a10        0x4 Middlewares/Third_Party/FreeRTOS/Source/portable/MemMang/heap_4.o
 .bss.xMinimumEverFreeBytesRemaining
                0x0000000020004a14        0x4 Middlewares/Third_Party/FreeRTOS/Source/portable/MemMang/heap_4.o
 .bss.xBlockAllocatedBit
                0x0000000020004a18        0x4 Middlewares/Third_Party/FreeRTOS/Source/portable/MemMang/heap_4.o
 .bss.__malloc_free_list
                0x0000000020004a1c        0x4 c:/st/stm32cubeide_1.5.0/stm32cubeide/plugins/com.st.stm32cube.ide.mcu.externaltools.gnu-tools-for-stm32.7-2018-q2-update.win32_1.5.0.202011040924/tools/bin/../lib/gcc/arm-none-eabi/7.3.1/../../../../arm-none-eabi/lib/thumb/v7e-m/fpv4-sp/hard\libc_nano.a(lib_a-nano-mallocr.o)
                0x0000000020004a1c                __malloc_free_list
 .bss.__malloc_sbrk_start
                0x0000000020004a20        0x4 c:/st/stm32cubeide_1.5.0/stm32cubeide/plugins/com.st.stm32cube.ide.mcu.externaltools.gnu-tools-for-stm32.7-2018-q2-update.win32_1.5.0.202011040924/tools/bin/../lib/gcc/arm-none-eabi/7.3.1/../../../../arm-none-eabi/lib/thumb/v7e-m/fpv4-sp/hard\libc_nano.a(lib_a-nano-mallocr.o)
                0x0000000020004a20                __malloc_sbrk_start
 *(COMMON)
 COMMON         0x0000000020004a24      0x110 Core/Src/main.o
                0x0000000020004a24                defaultTaskHandle
                0x0000000020004a28                blinkTaskHandle
                0x0000000020004a2c                hspi2
                0x0000000020004a84                hsram1
                0x0000000020004ad4                hrtc
                0x0000000020004af4                htim1
 COMMON         0x0000000020004b34       0x40 Core/Src/stm32f4xx_hal_timebase_tim.o
                0x0000000020004b34                htim13
 COMMON         0x0000000020004b74        0x4 Drivers/STM32F4xx_HAL_Driver/Src/stm32f4xx_hal.o
                0x0000000020004b74                uwTick
 COMMON         0x0000000020004b78       0x40 Middlewares/Third_Party/FreeRTOS/Source/queue.o
                0x0000000020004b78                xQueueRegistry
 COMMON         0x0000000020004bb8        0x4 c:/st/stm32cubeide_1.5.0/stm32cubeide/plugins/com.st.stm32cube.ide.mcu.externaltools.gnu-tools-for-stm32.7-2018-q2-update.win32_1.5.0.202011040924/tools/bin/../lib/gcc/arm-none-eabi/7.3.1/../../../../arm-none-eabi/lib/thumb/v7e-m/fpv4-sp/hard\libc_nano.a(lib_a-reent.o)
                0x0000000020004bb8                errno
                0x0000000020004bbc                . = ALIGN (0x4)
                0x0000000020004bbc                _ebss = .
                0x0000000020004bbc                __bss_end__ = _ebss

._user_heap_stack
                0x0000000020004bbc      0x604 load address 0x000000000800a1a4
                0x0000000020004bc0                . = ALIGN (0x8)
 *fill*         0x0000000020004bbc        0x4 
                [!provide]                        PROVIDE (end = .)
                0x0000000020004bc0                PROVIDE (_end = .)
                0x0000000020004dc0                . = (. + _Min_Heap_Size)
 *fill*         0x0000000020004bc0      0x200 
                0x00000000200051c0                . = (. + _Min_Stack_Size)
 *fill*         0x0000000020004dc0      0x400 
                0x00000000200051c0                . = ALIGN (0x8)

/DISCARD/
 libc.a(*)
 libm.a(*)
 libgcc.a(*)

.ARM.attributes
                0x0000000000000000       0x30
 *(.ARM.attributes)
 .ARM.attributes
                0x0000000000000000       0x22 c:/st/stm32cubeide_1.5.0/stm32cubeide/plugins/com.st.stm32cube.ide.mcu.externaltools.gnu-tools-for-stm32.7-2018-q2-update.win32_1.5.0.202011040924/tools/bin/../lib/gcc/arm-none-eabi/7.3.1/thumb/v7e-m/fpv4-sp/hard/crti.o
 .ARM.attributes
                0x0000000000000022       0x34 c:/st/stm32cubeide_1.5.0/stm32cubeide/plugins/com.st.stm32cube.ide.mcu.externaltools.gnu-tools-for-stm32.7-2018-q2-update.win32_1.5.0.202011040924/tools/bin/../lib/gcc/arm-none-eabi/7.3.1/thumb/v7e-m/fpv4-sp/hard/crtbegin.o
 .ARM.attributes
                0x0000000000000056       0x39 Application/Src/app.o
 .ARM.attributes
                0x000000000000008f       0x39 Application/Src/lcd.o
 .ARM.attributes
                0x00000000000000c8       0x39 Application/Src/lcd_fonts.o
 .ARM.attributes
                0x0000000000000101       0x39 Application/Src/touch.o
 .ARM.attributes
                0x000000000000013a       0x39 Core/Src/board.o
 .ARM.attributes
                0x0000000000000173       0x39 Core/Src/main.o
 .ARM.attributes
                0x00000000000001ac       0x39 Core/Src/stm32f4xx_hal_msp.o
 .ARM.attributes
                0x00000000000001e5       0x39 Core/Src/stm32f4xx_hal_timebase_tim.o
 .ARM.attributes
                0x000000000000021e       0x39 Core/Src/stm32f4xx_it.o
 .ARM.attributes
                0x0000000000000257       0x39 Core/Src/sysmem.o
 .ARM.attributes
                0x0000000000000290       0x39 Core/Src/system_stm32f4xx.o
 .ARM.attributes
                0x00000000000002c9       0x21 Core/Startup/startup_stm32f407vetx.o
 .ARM.attributes
                0x00000000000002ea       0x39 Drivers/STM32F4xx_HAL_Driver/Src/stm32f4xx_hal.o
 .ARM.attributes
                0x0000000000000323       0x39 Drivers/STM32F4xx_HAL_Driver/Src/stm32f4xx_hal_cortex.o
 .ARM.attributes
                0x000000000000035c       0x39 Drivers/STM32F4xx_HAL_Driver/Src/stm32f4xx_hal_gpio.o
 .ARM.attributes
                0x0000000000000395       0x39 Drivers/STM32F4xx_HAL_Driver/Src/stm32f4xx_hal_rcc.o
 .ARM.attributes
                0x00000000000003ce       0x39 Drivers/STM32F4xx_HAL_Driver/Src/stm32f4xx_hal_rcc_ex.o
 .ARM.attributes
                0x0000000000000407       0x39 Drivers/STM32F4xx_HAL_Driver/Src/stm32f4xx_hal_rtc.o
 .ARM.attributes
                0x0000000000000440       0x39 Drivers/STM32F4xx_HAL_Driver/Src/stm32f4xx_hal_spi.o
 .ARM.attributes
                0x0000000000000479       0x39 Drivers/STM32F4xx_HAL_Driver/Src/stm32f4xx_hal_sram.o
 .ARM.attributes
                0x00000000000004b2       0x39 Drivers/STM32F4xx_HAL_Driver/Src/stm32f4xx_hal_tim.o
 .ARM.attributes
                0x00000000000004eb       0x39 Drivers/STM32F4xx_HAL_Driver/Src/stm32f4xx_hal_tim_ex.o
 .ARM.attributes
                0x0000000000000524       0x39 Drivers/STM32F4xx_HAL_Driver/Src/stm32f4xx_ll_fsmc.o
 .ARM.attributes
                0x000000000000055d       0x39 Middlewares/Third_Party/FreeRTOS/Source/CMSIS_RTOS_V2/cmsis_os2.o
 .ARM.attributes
                0x0000000000000596       0x39 Middlewares/Third_Party/FreeRTOS/Source/list.o
 .ARM.attributes
                0x00000000000005cf       0x39 Middlewares/Third_Party/FreeRTOS/Source/queue.o
 .ARM.attributes
                0x0000000000000608       0x39 Middlewares/Third_Party/FreeRTOS/Source/tasks.o
 .ARM.attributes
                0x0000000000000641       0x39 Middlewares/Third_Party/FreeRTOS/Source/timers.o
 .ARM.attributes
                0x000000000000067a       0x39 Middlewares/Third_Party/FreeRTOS/Source/portable/GCC/ARM_CM4F/port.o
 .ARM.attributes
                0x00000000000006b3       0x39 Middlewares/Third_Party/FreeRTOS/Source/portable/MemMang/heap_4.o
 .ARM.attributes
                0x00000000000006ec       0x34 c:/st/stm32cubeide_1.5.0/stm32cubeide/plugins/com.st.stm32cube.ide.mcu.externaltools.gnu-tools-for-stm32.7-2018-q2-update.win32_1.5.0.202011040924/tools/bin/../lib/gcc/arm-none-eabi/7.3.1/../../../../arm-none-eabi/lib/thumb/v7e-m/fpv4-sp/hard\libc_nano.a(lib_a-errno.o)
 .ARM.attributes
                0x0000000000000720       0x34 c:/st/stm32cubeide_1.5.0/stm32cubeide/plugins/com.st.stm32cube.ide.mcu.externaltools.gnu-tools-for-stm32.7-2018-q2-update.win32_1.5.0.202011040924/tools/bin/../lib/gcc/arm-none-eabi/7.3.1/../../../../arm-none-eabi/lib/thumb/v7e-m/fpv4-sp/hard\libc_nano.a(lib_a-impure.o)
 .ARM.attributes
                0x0000000000000754       0x34 c:/st/stm32cubeide_1.5.0/stm32cubeide/plugins/com.st.stm32cube.ide.mcu.externaltools.gnu-tools-for-stm32.7-2018-q2-update.win32_1.5.0.202011040924/tools/bin/../lib/gcc/arm-none-eabi/7.3.1/../../../../arm-none-eabi/lib/thumb/v7e-m/fpv4-sp/hard\libc_nano.a(lib_a-init.o)
 .ARM.attributes
                0x0000000000000788       0x34 c:/st/stm32cubeide_1.5.0/stm32cubeide/plugins/com.st.stm32cube.ide.mcu.externaltools.gnu-tools-for-stm32.7-2018-q2-update.win32_1.5.0.202011040924/tools/bin/../lib/gcc/arm-none-eabi/7.3.1/../../../../arm-none-eabi/lib/thumb/v7e-m/fpv4-sp/hard\libc_nano.a(lib_a-memcpy-stub.o)
 .ARM.attributes
                0x00000000000007bc       0x34 c:/st/stm32cubeide_1.5.0/stm32cubeide/plugins/com.st.stm32cube.ide.mcu.externaltools.gnu-tools-for-stm32.7-2018-q2-update.win32_1.5.0.202011040924/tools/bin/../lib/gcc/arm-none-eabi/7.3.1/../../../../arm-none-eabi/lib/thumb/v7e-m/fpv4-sp/hard\libc_nano.a(lib_a-memset.o)
 .ARM.attributes
                0x00000000000007f0       0x34 c:/st/stm32cubeide_1.5.0/stm32cubeide/plugins/com.st.stm32cube.ide.mcu.externaltools.gnu-tools-for-stm32.7-2018-q2-update.win32_1.5.0.202011040924/tools/bin/../lib/gcc/arm-none-eabi/7.3.1/../../../../arm-none-eabi/lib/thumb/v7e-m/fpv4-sp/hard\libc_nano.a(lib_a-sprintf.o)
 .ARM.attributes
                0x0000000000000824       0x1b c:/st/stm32cubeide_1.5.0/stm32cubeide/plugins/com.st.stm32cube.ide.mcu.externaltools.gnu-tools-for-stm32.7-2018-q2-update.win32_1.5.0.202011040924/tools/bin/../lib/gcc/arm-none-eabi/7.3.1/../../../../arm-none-eabi/lib/thumb/v7e-m/fpv4-sp/hard\libc_nano.a(lib_a-strlen.o)
 .ARM.attributes
                0x000000000000083f       0x34 c:/st/stm32cubeide_1.5.0/stm32cubeide/plugins/com.st.stm32cube.ide.mcu.externaltools.gnu-tools-for-stm32.7-2018-q2-update.win32_1.5.0.202011040924/tools/bin/../lib/gcc/arm-none-eabi/7.3.1/../../../../arm-none-eabi/lib/thumb/v7e-m/fpv4-sp/hard\libc_nano.a(lib_a-nano-svfprintf.o)
 .ARM.attributes
                0x0000000000000873       0x34 c:/st/stm32cubeide_1.5.0/stm32cubeide/plugins/com.st.stm32cube.ide.mcu.externaltools.gnu-tools-for-stm32.7-2018-q2-update.win32_1.5.0.202011040924/tools/bin/../lib/gcc/arm-none-eabi/7.3.1/../../../../arm-none-eabi/lib/thumb/v7e-m/fpv4-sp/hard\libc_nano.a(lib_a-nano-vfprintf_i.o)
 .ARM.attributes
                0x00000000000008a7       0x20 c:/st/stm32cubeide_1.5.0/stm32cubeide/plugins/com.st.stm32cube.ide.mcu.externaltools.gnu-tools-for-stm32.7-2018-q2-update.win32_1.5.0.202011040924/tools/bin/../lib/gcc/arm-none-eabi/7.3.1/../../../../arm-none-eabi/lib/thumb/v7e-m/fpv4-sp/hard\libc_nano.a(lib_a-memchr.o)
 .ARM.attributes
                0x00000000000008c7       0x34 c:/st/stm32cubeide_1.5.0/stm32cubeide/plugins/com.st.stm32cube.ide.mcu.externaltools.gnu-tools-for-stm32.7-2018-q2-update.win32_1.5.0.202011040924/tools/bin/../lib/gcc/arm-none-eabi/7.3.1/../../../../arm-none-eabi/lib/thumb/v7e-m/fpv4-sp/hard\libc_nano.a(lib_a-memmove.o)
 .ARM.attributes
                0x00000000000008fb       0x34 c:/st/stm32cubeide_1.5.0/stm32cubeide/plugins/com.st.stm32cube.ide.mcu.externaltools.gnu-tools-for-stm32.7-2018-q2-update.win32_1.5.0.202011040924/tools/bin/../lib/gcc/arm-none-eabi/7.3.1/../../../../arm-none-eabi/lib/thumb/v7e-m/fpv4-sp/hard\libc_nano.a(lib_a-nano-freer.o)
 .ARM.attributes
                0x000000000000092f       0x34 c:/st/stm32cubeide_1.5.0/stm32cubeide/plugins/com.st.stm32cube.ide.mcu.externaltools.gnu-tools-for-stm32.7-2018-q2-update.win32_1.5.0.202011040924/tools/bin/../lib/gcc/arm-none-eabi/7.3.1/../../../../arm-none-eabi/lib/thumb/v7e-m/fpv4-sp/hard\libc_nano.a(lib_a-nano-mallocr.o)
 .ARM.attributes
                0x0000000000000963       0x34 c:/st/stm32cubeide_1.5.0/stm32cubeide/plugins/com.st.stm32cube.ide.mcu.externaltools.gnu-tools-for-stm32.7-2018-q2-update.win32_1.5.0.202011040924/tools/bin/../lib/gcc/arm-none-eabi/7.3.1/../../../../arm-none-eabi/lib/thumb/v7e-m/fpv4-sp/hard\libc_nano.a(lib_a-nano-reallocr.o)
 .ARM.attributes
                0x0000000000000997       0x34 c:/st/stm32cubeide_1.5.0/stm32cubeide/plugins/com.st.stm32cube.ide.mcu.externaltools.gnu-tools-for-stm32.7-2018-q2-update.win32_1.5.0.202011040924/tools/bin/../lib/gcc/arm-none-eabi/7.3.1/../../../../arm-none-eabi/lib/thumb/v7e-m/fpv4-sp/hard\libc_nano.a(lib_a-sbrkr.o)
 .ARM.attributes
                0x00000000000009cb       0x34 c:/st/stm32cubeide_1.5.0/stm32cubeide/plugins/com.st.stm32cube.ide.mcu.externaltools.gnu-tools-for-stm32.7-2018-q2-update.win32_1.5.0.202011040924/tools/bin/../lib/gcc/arm-none-eabi/7.3.1/../../../../arm-none-eabi/lib/thumb/v7e-m/fpv4-sp/hard\libc_nano.a(lib_a-mlock.o)
 .ARM.attributes
                0x00000000000009ff       0x34 c:/st/stm32cubeide_1.5.0/stm32cubeide/plugins/com.st.stm32cube.ide.mcu.externaltools.gnu-tools-for-stm32.7-2018-q2-update.win32_1.5.0.202011040924/tools/bin/../lib/gcc/arm-none-eabi/7.3.1/../../../../arm-none-eabi/lib/thumb/v7e-m/fpv4-sp/hard\libc_nano.a(lib_a-nano-msizer.o)
 .ARM.attributes
                0x0000000000000a33       0x34 c:/st/stm32cubeide_1.5.0/stm32cubeide/plugins/com.st.stm32cube.ide.mcu.externaltools.gnu-tools-for-stm32.7-2018-q2-update.win32_1.5.0.202011040924/tools/bin/../lib/gcc/arm-none-eabi/7.3.1/../../../../arm-none-eabi/lib/thumb/v7e-m/fpv4-sp/hard\libc_nano.a(lib_a-reent.o)
 .ARM.attributes
                0x0000000000000a67       0x22 c:/st/stm32cubeide_1.5.0/stm32cubeide/plugins/com.st.stm32cube.ide.mcu.externaltools.gnu-tools-for-stm32.7-2018-q2-update.win32_1.5.0.202011040924/tools/bin/../lib/gcc/arm-none-eabi/7.3.1/thumb/v7e-m/fpv4-sp/hard\libgcc.a(_aeabi_uldivmod.o)
 .ARM.attributes
                0x0000000000000a89       0x34 c:/st/stm32cubeide_1.5.0/stm32cubeide/plugins/com.st.stm32cube.ide.mcu.externaltools.gnu-tools-for-stm32.7-2018-q2-update.win32_1.5.0.202011040924/tools/bin/../lib/gcc/arm-none-eabi/7.3.1/thumb/v7e-m/fpv4-sp/hard\libgcc.a(_udivmoddi4.o)
 .ARM.attributes
                0x0000000000000abd       0x22 c:/st/stm32cubeide_1.5.0/stm32cubeide/plugins/com.st.stm32cube.ide.mcu.externaltools.gnu-tools-for-stm32.7-2018-q2-update.win32_1.5.0.202011040924/tools/bin/../lib/gcc/arm-none-eabi/7.3.1/thumb/v7e-m/fpv4-sp/hard\libgcc.a(_dvmd_tls.o)
 .ARM.attributes
                0x0000000000000adf       0x22 c:/st/stm32cubeide_1.5.0/stm32cubeide/plugins/com.st.stm32cube.ide.mcu.externaltools.gnu-tools-for-stm32.7-2018-q2-update.win32_1.5.0.202011040924/tools/bin/../lib/gcc/arm-none-eabi/7.3.1/thumb/v7e-m/fpv4-sp/hard/crtn.o
OUTPUT(Rob2.elf elf32-littlearm)

.debug_info     0x0000000000000000    0x1f8ba
 .debug_info    0x0000000000000000     0x122f Application/Src/app.o
 .debug_info    0x000000000000122f     0x1ca5 Application/Src/lcd.o
 .debug_info    0x0000000000002ed4      0x3f4 Application/Src/lcd_fonts.o
 .debug_info    0x00000000000032c8     0x13ff Application/Src/touch.o
 .debug_info    0x00000000000046c7      0x380 Core/Src/board.o
 .debug_info    0x0000000000004a47     0x1868 Core/Src/main.o
 .debug_info    0x00000000000062af     0x14ba Core/Src/stm32f4xx_hal_msp.o
 .debug_info    0x0000000000007769      0xb2d Core/Src/stm32f4xx_hal_timebase_tim.o
 .debug_info    0x0000000000008296      0x788 Core/Src/stm32f4xx_it.o
 .debug_info    0x0000000000008a1e      0x985 Core/Src/sysmem.o
 .debug_info    0x00000000000093a3      0x554 Core/Src/system_stm32f4xx.o
 .debug_info    0x00000000000098f7       0x22 Core/Startup/startup_stm32f407vetx.o
 .debug_info    0x0000000000009919      0x945 Drivers/STM32F4xx_HAL_Driver/Src/stm32f4xx_hal.o
 .debug_info    0x000000000000a25e      0xe28 Drivers/STM32F4xx_HAL_Driver/Src/stm32f4xx_hal_cortex.o
 .debug_info    0x000000000000b086      0x7b5 Drivers/STM32F4xx_HAL_Driver/Src/stm32f4xx_hal_gpio.o
 .debug_info    0x000000000000b83b      0x904 Drivers/STM32F4xx_HAL_Driver/Src/stm32f4xx_hal_rcc.o
 .debug_info    0x000000000000c13f      0x5ae Drivers/STM32F4xx_HAL_Driver/Src/stm32f4xx_hal_rcc_ex.o
 .debug_info    0x000000000000c6ed      0xbbb Drivers/STM32F4xx_HAL_Driver/Src/stm32f4xx_hal_rtc.o
 .debug_info    0x000000000000d2a8     0x163a Drivers/STM32F4xx_HAL_Driver/Src/stm32f4xx_hal_spi.o
 .debug_info    0x000000000000e8e2      0xb03 Drivers/STM32F4xx_HAL_Driver/Src/stm32f4xx_hal_sram.o
 .debug_info    0x000000000000f3e5     0x24a9 Drivers/STM32F4xx_HAL_Driver/Src/stm32f4xx_hal_tim.o
 .debug_info    0x000000000001188e     0x1157 Drivers/STM32F4xx_HAL_Driver/Src/stm32f4xx_hal_tim_ex.o
 .debug_info    0x00000000000129e5      0xab3 Drivers/STM32F4xx_HAL_Driver/Src/stm32f4xx_ll_fsmc.o
 .debug_info    0x0000000000013498     0x401f Middlewares/Third_Party/FreeRTOS/Source/CMSIS_RTOS_V2/cmsis_os2.o
 .debug_info    0x00000000000174b7      0xacb Middlewares/Third_Party/FreeRTOS/Source/list.o
 .debug_info    0x0000000000017f82     0x239c Middlewares/Third_Party/FreeRTOS/Source/queue.o
 .debug_info    0x000000000001a31e     0x29c5 Middlewares/Third_Party/FreeRTOS/Source/tasks.o
 .debug_info    0x000000000001cce3     0x1aba Middlewares/Third_Party/FreeRTOS/Source/timers.o
 .debug_info    0x000000000001e79d      0x533 Middlewares/Third_Party/FreeRTOS/Source/portable/GCC/ARM_CM4F/port.o
 .debug_info    0x000000000001ecd0      0xbea Middlewares/Third_Party/FreeRTOS/Source/portable/MemMang/heap_4.o

.debug_abbrev   0x0000000000000000     0x4088
 .debug_abbrev  0x0000000000000000      0x2a7 Application/Src/app.o
 .debug_abbrev  0x00000000000002a7      0x3b5 Application/Src/lcd.o
 .debug_abbrev  0x000000000000065c      0x19a Application/Src/lcd_fonts.o
 .debug_abbrev  0x00000000000007f6      0x32e Application/Src/touch.o
 .debug_abbrev  0x0000000000000b24      0x183 Core/Src/board.o
 .debug_abbrev  0x0000000000000ca7      0x267 Core/Src/main.o
 .debug_abbrev  0x0000000000000f0e      0x226 Core/Src/stm32f4xx_hal_msp.o
 .debug_abbrev  0x0000000000001134      0x19d Core/Src/stm32f4xx_hal_timebase_tim.o
 .debug_abbrev  0x00000000000012d1      0x15a Core/Src/stm32f4xx_it.o
 .debug_abbrev  0x000000000000142b      0x19b Core/Src/sysmem.o
 .debug_abbrev  0x00000000000015c6      0x12b Core/Src/system_stm32f4xx.o
 .debug_abbrev  0x00000000000016f1       0x12 Core/Startup/startup_stm32f407vetx.o
 .debug_abbrev  0x0000000000001703      0x1c7 Drivers/STM32F4xx_HAL_Driver/Src/stm32f4xx_hal.o
 .debug_abbrev  0x00000000000018ca      0x2fa Drivers/STM32F4xx_HAL_Driver/Src/stm32f4xx_hal_cortex.o
 .debug_abbrev  0x0000000000001bc4      0x1c9 Drivers/STM32F4xx_HAL_Driver/Src/stm32f4xx_hal_gpio.o
 .debug_abbrev  0x0000000000001d8d      0x245 Drivers/STM32F4xx_HAL_Driver/Src/stm32f4xx_hal_rcc.o
 .debug_abbrev  0x0000000000001fd2      0x173 Drivers/STM32F4xx_HAL_Driver/Src/stm32f4xx_hal_rcc_ex.o
 .debug_abbrev  0x0000000000002145      0x1be Drivers/STM32F4xx_HAL_Driver/Src/stm32f4xx_hal_rtc.o
 .debug_abbrev  0x0000000000002303      0x240 Drivers/STM32F4xx_HAL_Driver/Src/stm32f4xx_hal_spi.o
 .debug_abbrev  0x0000000000002543      0x1ce Drivers/STM32F4xx_HAL_Driver/Src/stm32f4xx_hal_sram.o
 .debug_abbrev  0x0000000000002711      0x230 Drivers/STM32F4xx_HAL_Driver/Src/stm32f4xx_hal_tim.o
 .debug_abbrev  0x0000000000002941      0x21e Drivers/STM32F4xx_HAL_Driver/Src/stm32f4xx_hal_tim_ex.o
 .debug_abbrev  0x0000000000002b5f      0x18c Drivers/STM32F4xx_HAL_Driver/Src/stm32f4xx_ll_fsmc.o
 .debug_abbrev  0x0000000000002ceb      0x3c3 Middlewares/Third_Party/FreeRTOS/Source/CMSIS_RTOS_V2/cmsis_os2.o
 .debug_abbrev  0x00000000000030ae      0x1cf Middlewares/Third_Party/FreeRTOS/Source/list.o
 .debug_abbrev  0x000000000000327d      0x336 Middlewares/Third_Party/FreeRTOS/Source/queue.o
 .debug_abbrev  0x00000000000035b3      0x350 Middlewares/Third_Party/FreeRTOS/Source/tasks.o
 .debug_abbrev  0x0000000000003903      0x2d7 Middlewares/Third_Party/FreeRTOS/Source/timers.o
 .debug_abbrev  0x0000000000003bda      0x210 Middlewares/Third_Party/FreeRTOS/Source/portable/GCC/ARM_CM4F/port.o
 .debug_abbrev  0x0000000000003dea      0x29e Middlewares/Third_Party/FreeRTOS/Source/portable/MemMang/heap_4.o

.debug_aranges  0x0000000000000000     0x1790
 .debug_aranges
                0x0000000000000000       0x30 Application/Src/app.o
 .debug_aranges
                0x0000000000000030      0x140 Application/Src/lcd.o
 .debug_aranges
                0x0000000000000170       0x30 Application/Src/lcd_fonts.o
 .debug_aranges
                0x00000000000001a0       0x70 Application/Src/touch.o
 .debug_aranges
                0x0000000000000210       0x48 Core/Src/board.o
 .debug_aranges
                0x0000000000000258       0x70 Core/Src/main.o
 .debug_aranges
                0x00000000000002c8       0x70 Core/Src/stm32f4xx_hal_msp.o
 .debug_aranges
                0x0000000000000338       0x30 Core/Src/stm32f4xx_hal_timebase_tim.o
 .debug_aranges
                0x0000000000000368       0x50 Core/Src/stm32f4xx_it.o
 .debug_aranges
                0x00000000000003b8       0x20 Core/Src/sysmem.o
 .debug_aranges
                0x00000000000003d8       0x28 Core/Src/system_stm32f4xx.o
 .debug_aranges
                0x0000000000000400       0x28 Core/Startup/startup_stm32f407vetx.o
 .debug_aranges
                0x0000000000000428       0xf0 Drivers/STM32F4xx_HAL_Driver/Src/stm32f4xx_hal.o
 .debug_aranges
                0x0000000000000518      0x118 Drivers/STM32F4xx_HAL_Driver/Src/stm32f4xx_hal_cortex.o
 .debug_aranges
                0x0000000000000630       0x58 Drivers/STM32F4xx_HAL_Driver/Src/stm32f4xx_hal_gpio.o
 .debug_aranges
                0x0000000000000688       0x88 Drivers/STM32F4xx_HAL_Driver/Src/stm32f4xx_hal_rcc.o
 .debug_aranges
                0x0000000000000710       0x48 Drivers/STM32F4xx_HAL_Driver/Src/stm32f4xx_hal_rcc_ex.o
 .debug_aranges