lcd.cpp:111:1:Point::Point(int, int)	24	static
lcd.cpp:118:1:LcdScreen::LcdScreen(int)	16	static
lcd.cpp:129:6:void LcdScreen::SetOrientation(int)	16	static
lcd.cpp:159:6:void LcdScreen::SetColors(int, int)	24	static
lcd.cpp:164:6:void LcdScreen::SetFontColor(int)	16	static
lcd.cpp:168:5:int LcdScreen::GetFontColor()	16	static
lcd.cpp:172:6:void LcdScreen::SetBackColor(int)	16	static
lcd.cpp:176:5:int LcdScreen::GetBackColor()	16	static
lcd.cpp:180:6:void LcdScreen::SetFont(LcdFont)	24	static
lcd.cpp:186:9:LcdFont LcdScreen::GetFont()	16	static
lcd.cpp:192:6:void LcdScreen::Init()	24	static
lcd.cpp:212:6:void LcdScreen::Orientation(int)	24	static
lcd.cpp:240:6:void LcdScreen::SleepOn()	16	static
lcd.cpp:244:6:void LcdScreen::SleepOff()	16	static
lcd.cpp:248:6:void LcdScreen::DisplayOn()	16	static
lcd.cpp:252:6:void LcdScreen::DisplayOff()	16	static
lcd.cpp:256:6:void LcdScreen::IdleModeOn()	16	static
lcd.cpp:260:6:void LcdScreen::IdleModeOff()	16	static
lcd.cpp:265:6:void LcdScreen::Brightness(int)	16	static
lcd.cpp:271:6:void LcdScreen::SetCursor(int, int)	32	static
lcd.cpp:276:6:void LcdScreen::SetFrame(int, int, int, int)	24	static
lcd.cpp:290:5:int LcdScreen::ComposeColor(uint8_t, uint8_t, uint8_t)	24	static
lcd.cpp:300:6:void LcdScreen::SetTextArea(int, int, int, int)	24	static
lcd.cpp:310:6:void LcdScreen::SetTextPos(int, int)	24	static
lcd.cpp:317:6:void LcdScreen::TextPutc(char)	48	static
lcd.cpp:357:6:void LcdScreen::TextPuts(const char*)	16	static
lcd.cpp:374:6:void LcdScreen::TextPutsAt(int, int, const char*)	24	static
lcd.cpp:380:6:void LcdScreen::TextPutsCenterX(int, const char*)	32	static
lcd.cpp:390:6:void LcdScreen::TextPutsCenterY(int, const char*)	32	static
lcd.cpp:399:6:void LcdScreen::TextPutsCenterXY(const char*)	24	static
lcd.cpp:410:6:void LcdScreen::GetStringSize(const char*, int*, int*)	32	static
lcd.cpp:416:6:void LcdScreen::WriteMem(uint16_t*, int)	24	static
lcd.cpp:426:6:void LcdScreen::DrawPixel(int, int, int)	24	static
lcd.cpp:433:6:void LcdScreen::Line(int, int, int, int, int)	48	static
lcd.cpp:488:6:void LcdScreen::HLine(int, int, int, int)	40	static
lcd.cpp:500:6:void LcdScreen::VLine(int, int, int, int)	40	static
lcd.cpp:512:6:void LcdScreen::Rect(int, int, int, int, int)	32	static
lcd.cpp:520:6:void LcdScreen::FillRect(int, int, int, int, int)	40	static
lcd.cpp:531:6:void LcdScreen::FillScreen(int)	24	static
lcd.cpp:536:6:void LcdScreen::Circle(int, int, int, int)	32	static
lcd.cpp:561:6:void LcdScreen::FillCircle(int, int, int, int)	40	static
lcd.cpp:584:6:void LcdScreen::DrawCrossHair(Point, int)	40	static
lcd.cpp:590:6:bool LcdScreen::ReadTestPoint(Point*)	40	static
lcd.cpp:613:6:void LcdScreen::Calibrate()	288	static
lcd.cpp:686:1:void __static_initialization_and_destruction_0(int, int)	16	static
lcd.cpp:686:1:cpp)	8	static
