lcd.cpp:113:1:LcdScreen::LcdScreen(int)	16	static
lcd.cpp:124:6:void LcdScreen::SetOrientation(int)	16	static
lcd.cpp:154:6:void LcdScreen::SetColors(int, int)	24	static
lcd.cpp:159:6:void LcdScreen::SetFontColor(int)	16	static
lcd.cpp:163:5:int LcdScreen::GetFontColor()	16	static
lcd.cpp:167:6:void LcdScreen::SetBackColor(int)	16	static
lcd.cpp:171:5:int LcdScreen::GetBackColor()	16	static
lcd.cpp:175:6:void LcdScreen::SetFont(LcdFont)	24	static
lcd.cpp:181:9:LcdFont LcdScreen::GetFont()	16	static
lcd.cpp:187:6:void LcdScreen::Init()	24	static
lcd.cpp:207:6:void LcdScreen::Orientation(int)	24	static
lcd.cpp:235:6:void LcdScreen::SleepOn()	16	static
lcd.cpp:239:6:void LcdScreen::SleepOff()	16	static
lcd.cpp:243:6:void LcdScreen::DisplayOn()	16	static
lcd.cpp:247:6:void LcdScreen::DisplayOff()	16	static
lcd.cpp:251:6:void LcdScreen::IdleModeOn()	16	static
lcd.cpp:255:6:void LcdScreen::IdleModeOff()	16	static
lcd.cpp:260:6:void LcdScreen::Brightness(int)	16	static
lcd.cpp:266:6:void LcdScreen::SetCursor(int, int)	32	static
lcd.cpp:271:6:void LcdScreen::SetFrame(int, int, int, int)	24	static
lcd.cpp:287:6:void LcdScreen::SetTextArea(int, int, int, int)	24	static
lcd.cpp:297:6:void LcdScreen::SetTextPos(int, int)	24	static
lcd.cpp:304:6:void LcdScreen::TextPutc(char)	48	static
lcd.cpp:344:6:void LcdScreen::TextPuts(char*)	16	static
lcd.cpp:361:6:void LcdScreen::TextPutsAt(int, int, char*)	24	static
lcd.cpp:367:6:void LcdScreen::GetStringSize(char*, int*, int*)	32	static
lcd.cpp:373:6:void LcdScreen::WriteMem(uint16_t*, int)	24	static
lcd.cpp:383:6:void LcdScreen::DrawPixel(int, int, int)	24	static
lcd.cpp:390:6:void LcdScreen::DrawLine(int, int, int, int, int)	48	static
lcd.cpp:445:6:void LcdScreen::DrawHLine(int, int, int, int)	40	static
lcd.cpp:457:6:void LcdScreen::DrawVLine(int, int, int, int)	40	static
lcd.cpp:469:6:void LcdScreen::Rect(int, int, int, int, int)	32	static
lcd.cpp:477:6:void LcdScreen::FillRect(int, int, int, int, int)	40	static
lcd.cpp:488:6:void LcdScreen::FillScreen(int)	24	static
lcd.cpp:493:6:void LcdScreen::Circle(int, int, int, bool, int)	40	static
lcd.cpp:522:1:void __static_initialization_and_destruction_0(int, int)	16	static
lcd.cpp:522:1:cpp)	8	static
