touch.cpp:37:1:TouchScreen::TouchScreen()	16	static
touch.cpp:41:6:void TouchScreen::Reset()	32	static
touch.cpp:62:6:void TouchScreen::SetOrientation(int, int, int)	24	static
touch.cpp:70:5:int TouchScreen::Get(uint8_t)	32	static
touch.cpp:86:6:void TouchScreen::GetXY(int*, int*)	32	static
touch.cpp:97:5:int TouchScreen::FastMedian(int*)	72	static
touch.cpp:120:6:bool TouchScreen::Correction(int*, int*)	32	static
touch.cpp:151:6:bool TouchScreen::GetXYMedian(int*, int*)	88	static
touch.cpp:165:6:bool TouchScreen::IsPenDown()	16	static
touch.cpp:170:6:void TouchScreen::WaitPenUp()	16	static
touch.cpp:176:6:void TouchScreen::WaitPenDown()	16	static
touch.cpp:179:1:void __static_initialization_and_destruction_0(int, int)	16	static
touch.cpp:179:1:cpp)	8	static
